Archive member included to satisfy reference by file (symbol)

../libDaisy/build/libdaisy.a(daisy_legio.o)
                              build/main.o (daisy::DaisyLegio::Init(bool))
../libDaisy/build/libdaisy.a(daisy_seed.o)
                              ../libDaisy/build/libdaisy.a(daisy_legio.o) (daisy::DaisySeed::Configure())
../libDaisy/build/libdaisy.a(codec_ak4556.o)
                              ../libDaisy/build/libdaisy.a(daisy_seed.o) (daisy::Ak4556::Init(daisy::Pin))
../libDaisy/build/libdaisy.a(codec_wm8731.o)
                              ../libDaisy/build/libdaisy.a(daisy_seed.o) (daisy::Wm8731::Init(daisy::Wm8731::Config const&, daisy::I2CHandle))
../libDaisy/build/libdaisy.a(sdram.o)
                              ../libDaisy/build/libdaisy.a(daisy_seed.o) (SdramHandle::Init())
../libDaisy/build/libdaisy.a(audio.o)
                              ../libDaisy/build/libdaisy.a(daisy_seed.o) (daisy::AudioHandle::Init(daisy::AudioHandle::Config const&, daisy::SaiHandle))
../libDaisy/build/libdaisy.a(ctrl.o)
                              ../libDaisy/build/libdaisy.a(daisy_legio.o) (daisy::AnalogControl::Init(unsigned short*, float, bool, bool, float))
../libDaisy/build/libdaisy.a(encoder.o)
                              ../libDaisy/build/libdaisy.a(daisy_legio.o) (daisy::Encoder::Init(daisy::Pin, daisy::Pin, daisy::Pin, float))
../libDaisy/build/libdaisy.a(gatein.o)
                              ../libDaisy/build/libdaisy.a(daisy_legio.o) (daisy::GateIn::Init(daisy::Pin, bool))
../libDaisy/build/libdaisy.a(rgb_led.o)
                              ../libDaisy/build/libdaisy.a(daisy_legio.o) (daisy::RgbLed::Init(daisy::Pin, daisy::Pin, daisy::Pin, bool))
../libDaisy/build/libdaisy.a(switch.o)
                              ../libDaisy/build/libdaisy.a(encoder.o) (daisy::Switch::Init(daisy::Pin, float))
../libDaisy/build/libdaisy.a(adc.o)
                              ../libDaisy/build/libdaisy.a(daisy_legio.o) (daisy::AdcChannelConfig::InitSingle(daisy::Pin, daisy::AdcChannelConfig::ConversionSpeed))
../libDaisy/build/libdaisy.a(gpio.o)
                              ../libDaisy/build/libdaisy.a(daisy_seed.o) (daisy::GPIO::Init(daisy::GPIO::Config const&))
../libDaisy/build/libdaisy.a(i2c.o)
                              ../libDaisy/build/libdaisy.a(daisy_seed.o) (daisy::I2CHandle::Init(daisy::I2CHandle::Config const&))
../libDaisy/build/libdaisy.a(qspi.o)
                              ../libDaisy/build/libdaisy.a(daisy_seed.o) (daisy::QSPIHandle::Init(daisy::QSPIHandle::Config const&))
../libDaisy/build/libdaisy.a(sai.o)
                              ../libDaisy/build/libdaisy.a(daisy_seed.o) (daisy::SaiHandle::Init(daisy::SaiHandle::Config const&))
../libDaisy/build/libdaisy.a(system.o)
                              ../libDaisy/build/libdaisy.a(daisy_seed.o) (daisy::System::DeInit())
../libDaisy/build/libdaisy.a(system_stm32h7xx.o)
                              build/startup_stm32h750xx.o (SystemInit)
../libDaisy/build/libdaisy.a(usbd_conf.o)
                              ../libDaisy/build/libdaisy.a(system.o) (hpcd_USB_OTG_HS)
../libDaisy/build/libdaisy.a(usbh_conf.o)
                              ../libDaisy/build/libdaisy.a(system.o) (hhcd_USB_OTG_HS)
../libDaisy/build/libdaisy.a(stm32h7xx_hal.o)
                              ../libDaisy/build/libdaisy.a(system.o) (HAL_Init)
../libDaisy/build/libdaisy.a(stm32h7xx_hal_adc.o)
                              ../libDaisy/build/libdaisy.a(adc.o) (HAL_ADC_ConfigChannel)
../libDaisy/build/libdaisy.a(stm32h7xx_hal_adc_ex.o)
                              ../libDaisy/build/libdaisy.a(adc.o) (HAL_ADCEx_Calibration_Start)
../libDaisy/build/libdaisy.a(stm32h7xx_hal_cortex.o)
                              ../libDaisy/build/libdaisy.a(stm32h7xx_hal.o) (HAL_NVIC_SetPriorityGrouping)
../libDaisy/build/libdaisy.a(stm32h7xx_hal_dma.o)
                              ../libDaisy/build/libdaisy.a(adc.o) (HAL_DMA_Init)
../libDaisy/build/libdaisy.a(stm32h7xx_hal_gpio.o)
                              ../libDaisy/build/libdaisy.a(sdram.o) (HAL_GPIO_Init)
../libDaisy/build/libdaisy.a(stm32h7xx_hal_hcd.o)
                              ../libDaisy/build/libdaisy.a(usbh_conf.o) (HAL_HCD_HC_Init)
../libDaisy/build/libdaisy.a(stm32h7xx_hal_i2c.o)
                              ../libDaisy/build/libdaisy.a(i2c.o) (HAL_I2C_Init)
../libDaisy/build/libdaisy.a(stm32h7xx_hal_i2c_ex.o)
                              ../libDaisy/build/libdaisy.a(i2c.o) (HAL_I2CEx_ConfigAnalogFilter)
../libDaisy/build/libdaisy.a(stm32h7xx_hal_pcd.o)
                              ../libDaisy/build/libdaisy.a(usbd_conf.o) (HAL_PCD_Init)
../libDaisy/build/libdaisy.a(stm32h7xx_hal_pcd_ex.o)
                              ../libDaisy/build/libdaisy.a(usbd_conf.o) (HAL_PCDEx_SetTxFiFo)
../libDaisy/build/libdaisy.a(stm32h7xx_hal_pwr_ex.o)
                              ../libDaisy/build/libdaisy.a(system.o) (HAL_PWREx_ConfigSupply)
../libDaisy/build/libdaisy.a(stm32h7xx_hal_qspi.o)
[...]
Memory Configuration

Name             Origin             Length             Attributes
FLASH            0x08000000         0x00020000         xr
DTCMRAM          0x20000000         0x00020000         xrw
SRAM             0x24000000         0x00080000         xrw
RAM_D2           0x30000000         0x00048000         xrw
RAM_D3           0x38000000         0x00010000         xrw
BACKUP_SRAM      0x38800000         0x00001000         xrw
ITCMRAM          0x00000000         0x00010000         xrw
SDRAM            0xc0000000         0x04000000         xrw
QSPIFLASH        0x90000000         0x00800000         xr
*default*        0x00000000         0xffffffff

Linker script and memory map

LOAD /Applications/ArmGNUToolchain/14.3.rel1/arm-none-eabi/bin/../lib/gcc/arm-none-eabi/14.3.1/thumb/v7e-m+dp/hard/crti.o
LOAD /Applications/ArmGNUToolchain/14.3.rel1/arm-none-eabi/bin/../lib/gcc/arm-none-eabi/14.3.1/thumb/v7e-m+dp/hard/crtbegin.o
LOAD /Applications/ArmGNUToolchain/14.3.rel1/arm-none-eabi/bin/../lib/gcc/arm-none-eabi/14.3.1/../../../../arm-none-eabi/lib/thumb/v7e-m+dp/hard/crt0.o
LOAD build/startup_stm32h750xx.o
LOAD build/main.o
LOAD ../libDaisy/build/libdaisy.a
LOAD /Applications/ArmGNUToolchain/14.3.rel1/arm-none-eabi/bin/../lib/gcc/arm-none-eabi/14.3.1/../../../../arm-none-eabi/lib/thumb/v7e-m+dp/hard/libnosys.a
LOAD ../DaisySP/build/libdaisysp.a
LOAD ../DaisySP/DaisySP-LGPL/build/libdaisysp-lgpl.a
LOAD /Applications/ArmGNUToolchain/14.3.rel1/arm-none-eabi/bin/../lib/gcc/arm-none-eabi/14.3.1/../../../../arm-none-eabi/lib/thumb/v7e-m+dp/hard/libstdc++_nano.a
LOAD /Applications/ArmGNUToolchain/14.3.rel1/arm-none-eabi/bin/../lib/gcc/arm-none-eabi/14.3.1/../../../../arm-none-eabi/lib/thumb/v7e-m+dp/hard/libm.a
LOAD /Applications/ArmGNUToolchain/14.3.rel1/arm-none-eabi/bin/../lib/gcc/arm-none-eabi/14.3.1/../../../../arm-none-eabi/lib/thumb/v7e-m+dp/hard/libc_nano.a
START GROUP
LOAD /Applications/ArmGNUToolchain/14.3.rel1/arm-none-eabi/bin/../lib/gcc/arm-none-eabi/14.3.1/thumb/v7e-m+dp/hard/libgcc.a
LOAD /Applications/ArmGNUToolchain/14.3.rel1/arm-none-eabi/bin/../lib/gcc/arm-none-eabi/14.3.1/../../../../arm-none-eabi/lib/thumb/v7e-m+dp/hard/libc_nano.a
END GROUP
START GROUP
LOAD /Applications/ArmGNUToolchain/14.3.rel1/arm-none-eabi/bin/../lib/gcc/arm-none-eabi/14.3.1/thumb/v7e-m+dp/hard/libgcc.a
LOAD /Applications/ArmGNUToolchain/14.3.rel1/arm-none-eabi/bin/../lib/gcc/arm-none-eabi/14.3.1/../../../../arm-none-eabi/lib/thumb/v7e-m+dp/hard/libc_nano.a
LOAD /Applications/ArmGNUToolchain/14.3.rel1/arm-none-eabi/bin/../lib/gcc/arm-none-eabi/14.3.1/../../../../arm-none-eabi/lib/thumb/v7e-m+dp/hard/libnosys.a
END GROUP
START GROUP
LOAD /Applications/ArmGNUToolchain/14.3.rel1/arm-none-eabi/bin/../lib/gcc/arm-none-eabi/14.3.1/thumb/v7e-m+dp/hard/libgcc.a
LOAD /Applications/ArmGNUToolchain/14.3.rel1/arm-none-eabi/bin/../lib/gcc/arm-none-eabi/14.3.1/../../../../arm-none-eabi/lib/thumb/v7e-m+dp/hard/libc_nano.a
LOAD /Applications/ArmGNUToolchain/14.3.rel1/arm-none-eabi/bin/../lib/gcc/arm-none-eabi/14.3.1/../../../../arm-none-eabi/lib/thumb/v7e-m+dp/hard/libnosys.a
END GROUP
LOAD /Applications/ArmGNUToolchain/14.3.rel1/arm-none-eabi/bin/../lib/gcc/arm-none-eabi/14.3.1/thumb/v7e-m+dp/hard/crtend.o
LOAD /Applications/ArmGNUToolchain/14.3.rel1/arm-none-eabi/bin/../lib/gcc/arm-none-eabi/14.3.1/thumb/v7e-m+dp/hard/crtn.o
                0x20020000                        _estack = 0x20020000

.isr_vector     0x08000000      0x298
                0x08000000                        . = ALIGN (0x4)
 *(.isr_vector)
 .isr_vector    0x08000000      0x298 build/startup_stm32h750xx.o
                0x08000000                g_pfnVectors
                0x08000298                        . = ALIGN (0x4)

.text           0x08000298    0x17f98
                0x08000298                        . = ALIGN (0x4)
                0x08000298                        _stext = .
 *(.text)
 .text          0x08000298      0x378 /Applications/ArmGNUToolchain/14.3.rel1/arm-none-eabi/bin/../lib/gcc/arm-none-eabi/14.3.1/thumb/v7e-m+dp/hard/libgcc.a(_arm_addsubdf3.o)
                0x08000298                __aeabi_drsub
                0x080002a0                __subdf3
                0x080002a0                __aeabi_dsub
                0x080002a4                __aeabi_dadd
                0x080002a4                __adddf3
                0x0800051c                __aeabi_ui2d
                0x0800051c                __floatunsidf
                0x0800053c                __floatsidf
                0x0800053c                __aeabi_i2d
                0x08000560                __extendsfdf2
                0x08000560                __aeabi_f2d
                0x080005a4                __aeabi_ul2d
                0x080005a4                __floatundidf
                0x080005b4                __aeabi_l2d
                0x080005b4                __floatdidf
 .text          0x08000610       0x30 /Applications/ArmGNUToolchain/14.3.rel1/arm-none-eabi/bin/../lib/gcc/arm-none-eabi/14.3.1/thumb/v7e-m+dp/hard/libgcc.a(_aeabi_uldivmod.o)
                0x08000610                __aeabi_uldivmod
 .text          0x08000640        0x4 /Applications/ArmGNUToolchain/14.3.rel1/arm-none-eabi/bin/../lib/gcc/arm-none-eabi/14.3.1/thumb/v7e-m+dp/hard/libgcc.a(_dvmd_tls.o)
                0x08000640                __aeabi_ldiv0
                0x08000640                __aeabi_idiv0
 *(.text*)
 .text.deregister_tm_clones
                0x08000644       0x1c /Applications/ArmGNUToolchain/14.3.rel1/arm-none-eabi/bin/../lib/gcc/arm-none-eabi/14.3.1/thumb/v7e-m+dp/hard/crtbegin.o
 .text.register_tm_clones
                0x08000660       0x24 /Applications/ArmGNUToolchain/14.3.rel1/arm-none-eabi/bin/../lib/gcc/arm-none-eabi/14.3.1/thumb/v7e-m+dp/hard/crtbegin.o
 .text.__do_global_dtors_aux
                0x08000684       0x28 /Applications/ArmGNUToolchain/14.3.rel1/arm-none-eabi/bin/../lib/gcc/arm-none-eabi/14.3.1/thumb/v7e-m+dp/hard/crtbegin.o
 .text.frame_dummy
                0x080006ac       0x24 /Applications/ArmGNUToolchain/14.3.rel1/arm-none-eabi/bin/../lib/gcc/arm-none-eabi/14.3.1/thumb/v7e-m+dp/hard/crtbegin.o
 .text.Default_Handler
                0x080006d0        0xc build/startup_stm32h750xx.o
                0x080006d0                SAI1_IRQHandler
                0x080006d0                HASH_RNG_IRQHandler
                0x080006d0                EXTI2_IRQHandler
                0x080006d0                TIM8_CC_IRQHandler
                0x080006d0                HRTIM1_Master_IRQHandler
                0x080006d0                DebugMon_Handler
                0x080006d0                TIM1_CC_IRQHandler
                0x080006d0                BDMA_Channel6_IRQHandler
                0x080006d0                DMA2_Stream5_IRQHandler
                0x080006d0                HRTIM1_FLT_IRQHandler
                0x080006d0                JPEG_IRQHandler
                0x080006d0                BDMA_Channel1_IRQHandler
                0x080006d0                HRTIM1_TIMD_IRQHandler
                0x080006d0                TAMP_STAMP_IRQHandler
                0x080006d0                PendSV_Handler
                0x080006d0                NMI_Handler
                0x080006d0                EXTI3_IRQHandler
                0x080006d0                LPTIM4_IRQHandler
                0x080006d0                TIM8_TRG_COM_TIM14_IRQHandler
                0x080006d0                LPTIM2_IRQHandler
                0x080006d0                DFSDM1_FLT1_IRQHandler
                0x080006d0                DMAMUX2_OVR_IRQHandler
                0x080006d0                TIM8_UP_TIM13_IRQHandler
                0x080006d0                I2C3_ER_IRQHandler
                0x080006d0                DFSDM1_FLT2_IRQHandler
                0x080006d0                MDMA_IRQHandler
                0x080006d0                LPTIM3_IRQHandler
                0x080006d0                HSEM1_IRQHandler
                0x080006d0                EXTI0_IRQHandler
                0x080006d0                FPU_IRQHandler
                0x080006d0                OTG_HS_WKUP_IRQHandler
                0x080006d0                FDCAN1_IT1_IRQHandler
                0x080006d0                UsageFault_Handler
                0x080006d0                LTDC_ER_IRQHandler
                0x080006d0                HRTIM1_TIME_IRQHandler
                0x080006d0                TIM6_DAC_IRQHandler
                0x080006d0                DCMI_IRQHandler
                0x080006d0                HRTIM1_TIMC_IRQHandler
                0x080006d0                SAI2_IRQHandler
                0x080006d0                DFSDM1_FLT3_IRQHandler
                0x080006d0                TIM17_IRQHandler
                0x080006d0                CRYP_IRQHandler
                0x080006d0                BDMA_Channel7_IRQHandler
                0x080006d0                LPTIM5_IRQHandler
                0x080006d0                ADC3_IRQHandler
                0x080006d0                DMA2_Stream0_IRQHandler
                0x080006d0                BDMA_Channel2_IRQHandler
                0x080006d0                DMAMUX1_OVR_IRQHandler
                0x080006d0                TIM16_IRQHandler
                0x080006d0                BDMA_Channel5_IRQHandler
                0x080006d0                RCC_IRQHandler
                0x080006d0                TIM8_BRK_TIM12_IRQHandler
                0x080006d0                TIM1_TRG_COM_IRQHandler
                0x080006d0                Default_Handler
                0x080006d0                ECC_IRQHandler
                0x080006d0                CEC_IRQHandler
                0x080006d0                EXTI15_10_IRQHandler
                0x080006d0                BDMA_Channel0_IRQHandler
                0x080006d0                ADC_IRQHandler
                0x080006d0                DMA1_Stream7_IRQHandler
                0x080006d0                HRTIM1_TIMA_IRQHandler
                0x080006d0                TIM7_IRQHandler
                0x080006d0                SDMMC1_IRQHandler
                0x080006d0                DMA2_Stream7_IRQHandler
                0x080006d0                TIM15_IRQHandler
                0x080006d0                PVD_AVD_IRQHandler
                0x080006d0                EXTI9_5_IRQHandler
                0x080006d0                RTC_WKUP_IRQHandler
                0x080006d0                LTDC_IRQHandler
                0x080006d0                SAI3_IRQHandler
                0x080006d0                ETH_WKUP_IRQHandler
                0x080006d0                SPDIF_RX_IRQHandler
                0x080006d0                MemManage_Handler
                0x080006d0                SVC_Handler
                0x080006d0                CRS_IRQHandler
                0x080006d0                EXTI4_IRQHandler
                0x080006d0                HRTIM1_TIMB_IRQHandler
                0x080006d0                FDCAN2_IT1_IRQHandler
                0x080006d0                ETH_IRQHandler
                0x080006d0                TIM1_UP_IRQHandler
                0x080006d0                BDMA_Channel4_IRQHandler
                0x080006d0                WWDG_IRQHandler
                0x080006d0                SPI6_IRQHandler
                0x080006d0                I2C4_EV_IRQHandler
                0x080006d0                MDIOS_IRQHandler
                0x080006d0                FDCAN2_IT0_IRQHandler
                0x080006d0                FDCAN1_IT0_IRQHandler
                0x080006d0                OTG_FS_WKUP_IRQHandler
                0x080006d0                DMA2D_IRQHandler
                0x080006d0                TIM1_BRK_IRQHandler
                0x080006d0                EXTI1_IRQHandler
                0x080006d0                SDMMC2_IRQHandler
                0x080006d0                OTG_FS_EP1_OUT_IRQHandler
                0x080006d0                BDMA_Channel3_IRQHandler
                0x080006d0                MDIOS_WKUP_IRQHandler
                0x080006d0                DFSDM1_FLT0_IRQHandler
                0x080006d0                SAI4_IRQHandler
                0x080006d0                I2C2_ER_IRQHandler
                0x080006d0                DMA2_Stream1_IRQHandler
                0x080006d0                FLASH_IRQHandler
                0x080006d0                BusFault_Handler
                0x080006d0                OTG_FS_IRQHandler
                0x080006d0                WAKEUP_PIN_IRQHandler
                0x080006d0                OTG_FS_EP1_IN_IRQHandler
                0x080006d0                I2C1_ER_IRQHandler
                0x080006d0                FMC_IRQHandler
                0x080006d0                FDCAN_CAL_IRQHandler
                0x080006d0                SWPMI1_IRQHandler
                0x080006d0                COMP1_IRQHandler
                0x080006d0                LPTIM1_IRQHandler
                0x080006d0                I2C4_ER_IRQHandler
                0x080006d0                DMA2_Stream6_IRQHandler
                0x080006d0                RTC_Alarm_IRQHandler
 .text.Reset_Handler
                0x080006dc       0x48 build/startup_stm32h750xx.o
                0x080006dc                Reset_Handler
 .text._ZN5daisy10DaisyLegioD2Ev
                0x08000724        0x4 build/main.o
                0x08000724                daisy::DaisyLegio::~DaisyLegio()
                0x08000724                daisy::DaisyLegio::~DaisyLegio()
 .text._ZN7daisysp7LimiterD2Ev
                0x08000728        0x4 build/main.o
                0x08000728                daisysp::Limiter::~Limiter()
                0x08000728                daisysp::Limiter::~Limiter()
 .text._ZN15ModeFilterDriveD2Ev
                0x0800072c        0x4 build/main.o
                0x0800072c                ModeFilterDrive::~ModeFilterDrive()
                0x0800072c                ModeFilterDrive::~ModeFilterDrive()
 .text._ZN7daisysp12PitchShifter7ProcessERf
                0x08000730      0x2c8 build/main.o
                0x08000730                daisysp::PitchShifter::Process(float&)
 .text._ZN15ModeFilterDrive4InitEf
                0x080009f8      0x190 build/main.o
                0x080009f8                ModeFilterDrive::Init(float)
 .text._ZN15ModeFilterDrive7ProcessEffPfS0_
                0x08000b88      0xa4c build/main.o
                0x08000b88                ModeFilterDrive::Process(float, float, float*, float*)
 .text._ZN17ModeShimmerReverb4InitEf
                0x080015d4      0x76c build/main.o
                0x080015d4                ModeShimmerReverb::Init(float)
 .text._ZN17ModeShimmerReverb7ProcessEffPfS0_
                0x08001d40      0x694 build/main.o
                0x08001d40                ModeShimmerReverb::Process(float, float, float*, float*)
 .text._ZN13ModeSpaceEcho7ProcessEffPfS0_
                0x080023d4      0x414 build/main.o
                0x080023d4                ModeSpaceEcho::Process(float, float, float*, float*)
 .text._Z13AudioCallbackPKPKfPPfj
                0x080027e8      0xa70 build/main.o
                0x080027e8                AudioCallback(float const* const*, float**, unsigned int)
 .text.startup.main
                0x08003258      0x480 build/main.o
                0x08003258                main
 .text.startup._GLOBAL__sub_I_hw
                0x080036d8      0x11c build/main.o
 .text._ZN5daisy10DaisyLegio4InitEb
                0x080037f4      0x230 ../libDaisy/build/libdaisy.a(daisy_legio.o)
                0x080037f4                daisy::DaisyLegio::Init(bool)
 .text._ZN5daisy10DaisyLegio10StartAudioEPFvPKPKfPPfjE
                0x08003a24        0x4 ../libDaisy/build/libdaisy.a(daisy_legio.o)
                0x08003a24                daisy::DaisyLegio::StartAudio(void (*)(float const* const*, float**, unsigned int))
 .text._ZN5daisy10DaisyLegio15AudioSampleRateEv
                0x08003a28        0x4 ../libDaisy/build/libdaisy.a(daisy_legio.o)
                0x08003a28                daisy::DaisyLegio::AudioSampleRate()
 .text._ZN5daisy10DaisyLegio8StartAdcEv
                0x08003a2c        0x8 ../libDaisy/build/libdaisy.a(daisy_legio.o)
                0x08003a2c                daisy::DaisyLegio::StartAdc()
 .text._ZN5daisy10DaisyLegio22ProcessDigitalControlsEv
                0x08003a34        0x8 ../libDaisy/build/libdaisy.a(daisy_legio.o)
                0x08003a34                daisy::DaisyLegio::ProcessDigitalControls()
 .text._ZN5daisy10DaisyLegio21ProcessAnalogControlsEv
                0x08003a3c       0x20 ../libDaisy/build/libdaisy.a(daisy_legio.o)
                0x08003a3c                daisy::DaisyLegio::ProcessAnalogControls()
 .text._ZN5daisy10DaisyLegio6SetLedEjfff
                0x08003a5c       0x10 ../libDaisy/build/libdaisy.a(daisy_legio.o)
                0x08003a5c                daisy::DaisyLegio::SetLed(unsigned int, float, float, float)
 .text._ZN5daisy10DaisyLegio10UpdateLedsEv
                0x08003a6c       0x18 ../libDaisy/build/libdaisy.a(daisy_legio.o)
                0x08003a6c                daisy::DaisyLegio::UpdateLeds()
 .text._ZN5daisy9DaisySeed9ConfigureEv
                0x08003a84        0x4 ../libDaisy/build/libdaisy.a(daisy_seed.o)
                0x08003a84                daisy::DaisySeed::Configure()
 .text._ZN5daisy9DaisySeed10StartAudioEPFvPKPKfPPfjE
                0x08003a88        0x8 ../libDaisy/build/libdaisy.a(daisy_seed.o)
                0x08003a88                daisy::DaisySeed::StartAudio(void (*)(float const* const*, float**, unsigned int))
 .text._ZN5daisy9DaisySeed15AudioSampleRateEv
                0x08003a90        0x8 ../libDaisy/build/libdaisy.a(daisy_seed.o)
                0x08003a90                daisy::DaisySeed::AudioSampleRate()
 .text._ZN5daisy9DaisySeed17SetAudioBlockSizeEj
                0x08003a98       0x38 ../libDaisy/build/libdaisy.a(daisy_seed.o)
                0x08003a98                daisy::DaisySeed::SetAudioBlockSize(unsigned int)
 .text._ZN5daisy9DaisySeed14AudioBlockSizeEv
                0x08003ad0        0xc ../libDaisy/build/libdaisy.a(daisy_seed.o)
                0x08003ad0                daisy::DaisySeed::AudioBlockSize()
 .text._ZN5daisy9DaisySeed17CheckBoardVersionEv
                0x08003adc       0x6c ../libDaisy/build/libdaisy.a(daisy_seed.o)
                0x08003adc                daisy::DaisySeed::CheckBoardVersion()
 .text._ZN5daisy9DaisySeed14ConfigureAudioEv
                0x08003b48      0x108 ../libDaisy/build/libdaisy.a(daisy_seed.o)
                0x08003b48                daisy::DaisySeed::ConfigureAudio()
 .text._ZN5daisy9DaisySeed4InitEb
                0x08003c50       0xf0 ../libDaisy/build/libdaisy.a(daisy_seed.o)
                0x08003c50                daisy::DaisySeed::Init(bool)
 .text._ZN5daisy6Ak45564InitENS_3PinE
                0x08003d40       0x44 ../libDaisy/build/libdaisy.a(codec_ak4556.o)
                0x08003d40                daisy::Ak4556::Init(daisy::Pin)
 .text._ZN5daisy6Wm873120WriteControlRegisterEht
                0x08003d84       0x3c ../libDaisy/build/libdaisy.a(codec_wm8731.o)
                0x08003d84                daisy::Wm8731::WriteControlRegister(unsigned char, unsigned short)
 .text._ZN5daisy6Wm87314InitERKNS0_6ConfigENS_9I2CHandleE
                0x08003dc0      0x1ac ../libDaisy/build/libdaisy.a(codec_wm8731.o)
                0x08003dc0                daisy::Wm8731::Init(daisy::Wm8731::Config const&, daisy::I2CHandle)
 .text._ZN11SdramHandle10DeviceInitEv
                0x08003f6c       0x88 ../libDaisy/build/libdaisy.a(sdram.o)
                0x08003f6c                SdramHandle::DeviceInit()
 *fill*         0x08003ff4        0x4 
 .text._ZN11SdramHandle4InitEv
                0x08003ff8       0x80 ../libDaisy/build/libdaisy.a(sdram.o)
                0x08003ff8                SdramHandle::Init()
 .text.HAL_SDRAM_MspInit
                0x08004078      0x19c ../libDaisy/build/libdaisy.a(sdram.o)
                0x08004078                HAL_SDRAM_MspInit
 .text._ZN5daisy11AudioHandle4Impl16InternalCallbackEPlS2_j
                0x08004214      0xd14 ../libDaisy/build/libdaisy.a(audio.o)
                0x08004214                daisy::AudioHandle::Impl::InternalCallback(long*, long*, unsigned int)
 .text._ZN5daisy11AudioHandle4InitERKNS0_6ConfigENS_9SaiHandleE
                0x08004f28       0x70 ../libDaisy/build/libdaisy.a(audio.o)
                0x08004f28                daisy::AudioHandle::Init(daisy::AudioHandle::Config const&, daisy::SaiHandle)
 .text._ZNK5daisy11AudioHandle9GetConfigEv
                0x08004f98        0x8 ../libDaisy/build/libdaisy.a(audio.o)
                0x08004f98                daisy::AudioHandle::GetConfig() const
 .text._ZN5daisy11AudioHandle12SetBlockSizeEj
                0x08004fa0       0x1c ../libDaisy/build/libdaisy.a(audio.o)
                0x08004fa0                daisy::AudioHandle::SetBlockSize(unsigned int)
 .text._ZN5daisy11AudioHandle13GetSampleRateEv
                0x08004fbc        0x8 ../libDaisy/build/libdaisy.a(audio.o)
                0x08004fbc                daisy::AudioHandle::GetSampleRate()
 .text._ZN5daisy11AudioHandle5StartEPFvPKPKfPPfjE
                0x08004fc4       0x44 ../libDaisy/build/libdaisy.a(audio.o)
                0x08004fc4                daisy::AudioHandle::Start(void (*)(float const* const*, float**, unsigned int))
 .text.startup._GLOBAL__sub_I__ZN5daisy11AudioHandle4Impl4InitENS0_6ConfigENS_9SaiHandleE
                0x08005008       0x20 ../libDaisy/build/libdaisy.a(audio.o)
 .text._ZN5daisy13AnalogControl4InitEPtfbbf
                0x08005028       0x64 ../libDaisy/build/libdaisy.a(ctrl.o)
                0x08005028                daisy::AnalogControl::Init(unsigned short*, float, bool, bool, float)
 .text._ZN5daisy13AnalogControl7ProcessEv
                0x0800508c       0x48 ../libDaisy/build/libdaisy.a(ctrl.o)
                0x0800508c                daisy::AnalogControl::Process()
 .text._ZN5daisy7Encoder4InitENS_3PinES1_S1_f
                0x080050d4       0x5c ../libDaisy/build/libdaisy.a(encoder.o)
                0x080050d4                daisy::Encoder::Init(daisy::Pin, daisy::Pin, daisy::Pin, float)
 .text._ZN5daisy7Encoder8DebounceEv
                0x08005130       0x7c ../libDaisy/build/libdaisy.a(encoder.o)
                0x08005130                daisy::Encoder::Debounce()
 .text._ZN5daisy6GateIn4InitENS_3PinEb
                0x080051ac       0x24 ../libDaisy/build/libdaisy.a(gatein.o)
                0x080051ac                daisy::GateIn::Init(daisy::Pin, bool)
 .text._ZN5daisy6RgbLed4InitENS_3PinES1_S1_b
                0x080051d0       0x58 ../libDaisy/build/libdaisy.a(rgb_led.o)
                0x080051d0                daisy::RgbLed::Init(daisy::Pin, daisy::Pin, daisy::Pin, bool)
 .text._ZN5daisy6RgbLed3SetEfff
                0x08005228       0x34 ../libDaisy/build/libdaisy.a(rgb_led.o)
                0x08005228                daisy::RgbLed::Set(float, float, float)
 .text._ZN5daisy6RgbLed6UpdateEv
                0x0800525c       0x1c ../libDaisy/build/libdaisy.a(rgb_led.o)
                0x0800525c                daisy::RgbLed::Update()
 .text._ZN5daisy6Switch4InitENS_3PinEf
                0x08005278       0x2c ../libDaisy/build/libdaisy.a(switch.o)
                0x08005278                daisy::Switch::Init(daisy::Pin, float)
 .text._ZN5daisy6Switch8DebounceEv
                0x080052a4       0x48 ../libDaisy/build/libdaisy.a(switch.o)
                0x080052a4                daisy::Switch::Debounce()
 .text._ZN5daisy16AdcChannelConfig10InitSingleENS_3PinENS0_15ConversionSpeedE
                0x080052ec       0x20 ../libDaisy/build/libdaisy.a(adc.o)
                0x080052ec                daisy::AdcChannelConfig::InitSingle(daisy::Pin, daisy::AdcChannelConfig::ConversionSpeed)
 .text._ZN5daisy9AdcHandle4InitEPNS_16AdcChannelConfigEjNS0_12OverSamplingE
                0x0800530c      0x3d8 ../libDaisy/build/libdaisy.a(adc.o)
                0x0800530c                daisy::AdcHandle::Init(daisy::AdcChannelConfig*, unsigned int, daisy::AdcHandle::OverSampling)
 .text._ZN5daisy9AdcHandle5StartEv
                0x080056e4       0x28 ../libDaisy/build/libdaisy.a(adc.o)
                0x080056e4                daisy::AdcHandle::Start()
 .text._ZNK5daisy9AdcHandle6GetPtrEh
                0x0800570c       0x14 ../libDaisy/build/libdaisy.a(adc.o)
                0x0800570c                daisy::AdcHandle::GetPtr(unsigned char) const
 .text.HAL_ADC_MspInit
                0x08005720       0xa0 ../libDaisy/build/libdaisy.a(adc.o)
                0x08005720                HAL_ADC_MspInit
 .text.DMA1_Stream2_IRQHandler
                0x080057c0        0xc ../libDaisy/build/libdaisy.a(adc.o)
                0x080057c0                DMA1_Stream2_IRQHandler
 .text.HAL_ADC_ConvCpltCallback
                0x080057cc      0x124 ../libDaisy/build/libdaisy.a(adc.o)
                0x080057cc                HAL_ADC_ConvCpltCallback
 .text.HAL_ADC_ErrorCallback
                0x080058f0        0x4 ../libDaisy/build/libdaisy.a(adc.o)
                0x080058f0                HAL_ADC_ErrorCallback
 .text.startup._GLOBAL__sub_I__ZN5daisy16AdcChannelConfig10InitSingleENS_3PinENS0_15ConversionSpeedE
                0x080058f4       0x38 ../libDaisy/build/libdaisy.a(adc.o)
 .text._ZN5daisy4GPIO4InitERKNS0_6ConfigE
                0x0800592c      0x220 ../libDaisy/build/libdaisy.a(gpio.o)
                0x0800592c                daisy::GPIO::Init(daisy::GPIO::Config const&)
 .text._ZN5daisy4GPIO4InitEv
                0x08005b4c      0x214 ../libDaisy/build/libdaisy.a(gpio.o)
                0x08005b4c                daisy::GPIO::Init()
 .text._ZN5daisy4GPIO4InitENS_3PinENS0_4ModeENS0_4PullENS0_5SpeedE
                0x08005d60      0x21c ../libDaisy/build/libdaisy.a(gpio.o)
                0x08005d60                daisy::GPIO::Init(daisy::Pin, daisy::GPIO::Mode, daisy::GPIO::Pull, daisy::GPIO::Speed)
 .text._ZN5daisy4GPIO4ReadEv
                0x08005f7c       0x18 ../libDaisy/build/libdaisy.a(gpio.o)
                0x08005f7c                daisy::GPIO::Read()
 .text._ZN5daisy4GPIO5WriteEb
                0x08005f94       0x14 ../libDaisy/build/libdaisy.a(gpio.o)
                0x08005f94                daisy::GPIO::Write(bool)
 .text._ZN5daisy9I2CHandle4Impl8InitPinsEv
                0x08005fa8       0x70 ../libDaisy/build/libdaisy.a(i2c.o)
                0x08005fa8                daisy::I2CHandle::Impl::InitPins()
 .text.HAL_I2C_MspInit
                0x08006018      0x1b4 ../libDaisy/build/libdaisy.a(i2c.o)
                0x08006018                HAL_I2C_MspInit
 .text.dsy_i2c_global_init
                0x080061cc       0x70 ../libDaisy/build/libdaisy.a(i2c.o)
                0x080061cc                dsy_i2c_global_init
 .text.DMA1_Stream6_IRQHandler
                0x0800623c       0x34 ../libDaisy/build/libdaisy.a(i2c.o)
                0x0800623c                DMA1_Stream6_IRQHandler
 .text.I2C1_EV_IRQHandler
                0x08006270        0xc ../libDaisy/build/libdaisy.a(i2c.o)
                0x08006270                I2C1_EV_IRQHandler
 .text.I2C2_EV_IRQHandler
                0x0800627c        0xc ../libDaisy/build/libdaisy.a(i2c.o)
                0x0800627c                I2C2_EV_IRQHandler
 .text.I2C3_EV_IRQHandler
                0x08006288        0xc ../libDaisy/build/libdaisy.a(i2c.o)
                0x08006288                I2C3_EV_IRQHandler
 .text._ZN5daisy9I2CHandle4InitERKNS0_6ConfigE
                0x08006294      0x128 ../libDaisy/build/libdaisy.a(i2c.o)
                0x08006294                daisy::I2CHandle::Init(daisy::I2CHandle::Config const&)
 .text._ZN5daisy9I2CHandle16TransmitBlockingEtPhtm
                0x080063bc       0x50 ../libDaisy/build/libdaisy.a(i2c.o)
                0x080063bc                daisy::I2CHandle::TransmitBlocking(unsigned short, unsigned char*, unsigned short, unsigned long)
 .text.startup._GLOBAL__sub_I__ZN5daisy9I2CHandle4Impl10GlobalInitEv
                0x0800640c       0x2c ../libDaisy/build/libdaisy.a(i2c.o)
 .text._ZN5daisy10QSPIHandle4Impl11WriteEnableEv
                0x08006438       0x88 ../libDaisy/build/libdaisy.a(qspi.o)
                0x08006438                daisy::QSPIHandle::Impl::WriteEnable()
 .text._ZN5daisy10QSPIHandle4Impl17DummyCyclesConfigENS0_6Config6DeviceE
                0x080064c0      0x108 ../libDaisy/build/libdaisy.a(qspi.o)
                0x080064c0                daisy::QSPIHandle::Impl::DummyCyclesConfig(daisy::QSPIHandle::Config::Device)
 .text._ZN5daisy10QSPIHandle4Impl10QuadEnableEv
                0x080065c8      0x148 ../libDaisy/build/libdaisy.a(qspi.o)
                0x080065c8                daisy::QSPIHandle::Impl::QuadEnable()
 .text._ZN5daisy10QSPIHandle4Impl21DefaultStatusRegisterEv
                0x08006710      0x148 ../libDaisy/build/libdaisy.a(qspi.o)
                0x08006710                daisy::QSPIHandle::Impl::DefaultStatusRegister()
 .text._ZN5daisy10QSPIHandle4Impl7PreInitEm
                0x08006858      0x190 ../libDaisy/build/libdaisy.a(qspi.o)
                0x08006858                daisy::QSPIHandle::Impl::PreInit(unsigned long)
 .text._ZN5daisy10QSPIHandle4InitERKNS0_6ConfigE
                0x080069e8      0x1b4 ../libDaisy/build/libdaisy.a(qspi.o)
                0x080069e8                daisy::QSPIHandle::Init(daisy::QSPIHandle::Config const&)
 .text.HAL_QSPI_MspInit
                0x08006b9c      0x190 ../libDaisy/build/libdaisy.a(qspi.o)
                0x08006b9c                HAL_QSPI_MspInit
 .text.HAL_QSPI_MspDeInit
                0x08006d2c      0x14c ../libDaisy/build/libdaisy.a(qspi.o)
                0x08006d2c                HAL_QSPI_MspDeInit
 .text.QUADSPI_IRQHandler
                0x08006e78        0xc ../libDaisy/build/libdaisy.a(qspi.o)
                0x08006e78                QUADSPI_IRQHandler
 .text.startup._GLOBAL__sub_I__ZN5daisy10QSPIHandle4Impl7PreInitEm
                0x08006e84       0x40 ../libDaisy/build/libdaisy.a(qspi.o)
 .text._ZN5daisy9SaiHandle4Impl8InitPinsEv
                0x08006ec4       0xc8 ../libDaisy/build/libdaisy.a(sai.o)
                0x08006ec4                daisy::SaiHandle::Impl::InitPins()
 .text.HAL_SAI_MspInit
                0x08006f8c      0x2a8 ../libDaisy/build/libdaisy.a(sai.o)
                0x08006f8c                HAL_SAI_MspInit
 .text.DMA1_Stream0_IRQHandler
                0x08007234        0xc ../libDaisy/build/libdaisy.a(sai.o)
                0x08007234                DMA1_Stream0_IRQHandler
 .text.DMA1_Stream1_IRQHandler
                0x08007240        0xc ../libDaisy/build/libdaisy.a(sai.o)
                0x08007240                DMA1_Stream1_IRQHandler
 .text.DMA1_Stream3_IRQHandler
                0x0800724c        0xc ../libDaisy/build/libdaisy.a(sai.o)
                0x0800724c                DMA1_Stream3_IRQHandler
 .text.DMA1_Stream4_IRQHandler
                0x08007258        0xc ../libDaisy/build/libdaisy.a(sai.o)
                0x08007258                DMA1_Stream4_IRQHandler
 .text.HAL_SAI_RxHalfCpltCallback
                0x08007264       0x78 ../libDaisy/build/libdaisy.a(sai.o)
                0x08007264                HAL_SAI_RxHalfCpltCallback
 .text.HAL_SAI_RxCpltCallback
                0x080072dc       0x70 ../libDaisy/build/libdaisy.a(sai.o)
                0x080072dc                HAL_SAI_RxCpltCallback
 *fill*         0x0800734c        0x4 
 .text._ZN5daisy9SaiHandle4InitERKNS0_6ConfigE
                0x08007350      0x1fc ../libDaisy/build/libdaisy.a(sai.o)
                0x08007350                daisy::SaiHandle::Init(daisy::SaiHandle::Config const&)
 .text._ZNK5daisy9SaiHandle9GetConfigEv
                0x0800754c        0x4 ../libDaisy/build/libdaisy.a(sai.o)
                0x0800754c                daisy::SaiHandle::GetConfig() const
 .text._ZN5daisy9SaiHandle8StartDmaEPlS1_jPFvS1_S1_jE
                0x08007550       0xac ../libDaisy/build/libdaisy.a(sai.o)
                0x08007550                daisy::SaiHandle::StartDma(long*, long*, unsigned int, void (*)(long*, long*, unsigned int))
 .text._ZN5daisy9SaiHandle13GetSampleRateEv
                0x080075fc       0x24 ../libDaisy/build/libdaisy.a(sai.o)
                0x080075fc                daisy::SaiHandle::GetSampleRate()
 .text._ZNK5daisy9SaiHandle9GetOffsetEv
                0x08007620        0x8 ../libDaisy/build/libdaisy.a(sai.o)
                0x08007620                daisy::SaiHandle::GetOffset() const
 .text.startup._GLOBAL__sub_I__ZN5daisy9SaiHandle4Impl4InitERKNS0_6ConfigE
                0x08007628       0x20 ../libDaisy/build/libdaisy.a(sai.o)
 .text._ZN5daisy11TimerHandleD2Ev
                0x08007648        0x4 ../libDaisy/build/libdaisy.a(system.o)
                0x08007648                daisy::TimerHandle::~TimerHandle()
                0x08007648                daisy::TimerHandle::~TimerHandle()
 .text.SysTick_Handler
                0x0800764c       0x10 ../libDaisy/build/libdaisy.a(system.o)
                0x0800764c                SysTick_Handler
 .text.OTG_HS_EP1_OUT_IRQHandler
                0x0800765c       0x24 ../libDaisy/build/libdaisy.a(system.o)
                0x0800765c                OTG_HS_EP1_OUT_IRQHandler
 .text.OTG_HS_EP1_IN_IRQHandler
                0x08007680       0x24 ../libDaisy/build/libdaisy.a(system.o)
                0x08007680                OTG_HS_EP1_IN_IRQHandler
 .text.OTG_HS_IRQHandler
                0x080076a4       0x24 ../libDaisy/build/libdaisy.a(system.o)
                0x080076a4                OTG_HS_IRQHandler
 .text.HardFault_Handler
                0x080076c8       0xe0 ../libDaisy/build/libdaisy.a(system.o)
                0x080076c8                HardFault_Handler
 .text._ZN5daisy6System6GetNowEv
                0x080077a8        0x4 ../libDaisy/build/libdaisy.a(system.o)
                0x080077a8                daisy::System::GetNow()
 .text._ZN5daisy6System5DelayEm
                0x080077ac        0x4 ../libDaisy/build/libdaisy.a(system.o)
                0x080077ac                daisy::System::Delay(unsigned long)
 .text._ZN5daisy6System20GetBootloaderVersionEv
                0x080077b0       0x34 ../libDaisy/build/libdaisy.a(system.o)
                0x080077b0                daisy::System::GetBootloaderVersion()
 *fill*         0x080077e4        0x4 
 .text._ZN5daisy6System15ConfigureClocksEv
                0x080077e8      0x1ac ../libDaisy/build/libdaisy.a(system.o)
                0x080077e8                daisy::System::ConfigureClocks()
 .text._ZN5daisy6System12ConfigureMpuEv
                0x08007994       0x7c ../libDaisy/build/libdaisy.a(system.o)
                0x08007994                daisy::System::ConfigureMpu()
 .text._ZN5daisy6System4InitERKNS0_6ConfigE
                0x08007a10       0xf8 ../libDaisy/build/libdaisy.a(system.o)
                0x08007a10                daisy::System::Init(daisy::System::Config const&)
 .text._ZN5daisy6System12GetPClk1FreqEv
                0x08007b08        0x4 ../libDaisy/build/libdaisy.a(system.o)
                0x08007b08                daisy::System::GetPClk1Freq()
 .text._ZN5daisy6System22GetProgramMemoryRegionEv
                0x08007b0c       0x78 ../libDaisy/build/libdaisy.a(system.o)
                0x08007b0c                daisy::System::GetProgramMemoryRegion()
 .text.startup._GLOBAL__sub_I__ZN5daisy9boot_infoE
                0x08007b84       0x20 ../libDaisy/build/libdaisy.a(system.o)
 .text.SystemInit
                0x08007ba4       0x98 ../libDaisy/build/libdaisy.a(system_stm32h7xx.o)
                0x08007ba4                SystemInit
 .text.HAL_PCD_SetupStageCallback
                0x08007c3c        0xc ../libDaisy/build/libdaisy.a(usbd_conf.o)
                0x08007c3c                HAL_PCD_SetupStageCallback
 .text.HAL_PCD_DataOutStageCallback
                0x08007c48       0x14 ../libDaisy/build/libdaisy.a(usbd_conf.o)
                0x08007c48                HAL_PCD_DataOutStageCallback
 .text.HAL_PCD_DataInStageCallback
                0x08007c5c       0x14 ../libDaisy/build/libdaisy.a(usbd_conf.o)
                0x08007c5c                HAL_PCD_DataInStageCallback
 .text.HAL_PCD_SOFCallback
                0x08007c70        0x8 ../libDaisy/build/libdaisy.a(usbd_conf.o)
                0x08007c70                HAL_PCD_SOFCallback
 .text.HAL_PCD_ResetCallback
                0x08007c78       0x24 ../libDaisy/build/libdaisy.a(usbd_conf.o)
                0x08007c78                HAL_PCD_ResetCallback
 .text.HAL_PCD_SuspendCallback
                0x08007c9c       0x30 ../libDaisy/build/libdaisy.a(usbd_conf.o)
                0x08007c9c                HAL_PCD_SuspendCallback
 .text.HAL_PCD_ResumeCallback
                0x08007ccc        0x8 ../libDaisy/build/libdaisy.a(usbd_conf.o)
                0x08007ccc                HAL_PCD_ResumeCallback
 .text.HAL_PCD_ISOOUTIncompleteCallback
                0x08007cd4        0x8 ../libDaisy/build/libdaisy.a(usbd_conf.o)
                0x08007cd4                HAL_PCD_ISOOUTIncompleteCallback
 .text.HAL_PCD_ISOINIncompleteCallback
                0x08007cdc        0x8 ../libDaisy/build/libdaisy.a(usbd_conf.o)
                0x08007cdc                HAL_PCD_ISOINIncompleteCallback
 .text.HAL_PCD_ConnectCallback
                0x08007ce4        0x8 ../libDaisy/build/libdaisy.a(usbd_conf.o)
                0x08007ce4                HAL_PCD_ConnectCallback
 .text.HAL_PCD_DisconnectCallback
                0x08007cec        0x8 ../libDaisy/build/libdaisy.a(usbd_conf.o)
                0x08007cec                HAL_PCD_DisconnectCallback
 .text.USBD_LL_OpenEP
                0x08007cf4       0x1c ../libDaisy/build/libdaisy.a(usbd_conf.o)
                0x08007cf4                USBD_LL_OpenEP
 .text.USBD_LL_StallEP
                0x08007d10       0x18 ../libDaisy/build/libdaisy.a(usbd_conf.o)
                0x08007d10                USBD_LL_StallEP
 .text.USBD_LL_ClearStallEP
                0x08007d28       0x18 ../libDaisy/build/libdaisy.a(usbd_conf.o)
                0x08007d28                USBD_LL_ClearStallEP
 .text.USBD_LL_IsStallEP
                0x08007d40       0x28 ../libDaisy/build/libdaisy.a(usbd_conf.o)
                0x08007d40                USBD_LL_IsStallEP
 .text.USBD_LL_SetUSBAddress
                0x08007d68       0x18 ../libDaisy/build/libdaisy.a(usbd_conf.o)
                0x08007d68                USBD_LL_SetUSBAddress
 .text.USBD_LL_Transmit
                0x08007d80       0x18 ../libDaisy/build/libdaisy.a(usbd_conf.o)
                0x08007d80                USBD_LL_Transmit
 .text.USBD_LL_PrepareReceive
                0x08007d98       0x18 ../libDaisy/build/libdaisy.a(usbd_conf.o)
                0x08007d98                USBD_LL_PrepareReceive
 .text.HAL_HCD_SOF_Callback
                0x08007db0        0x8 ../libDaisy/build/libdaisy.a(usbh_conf.o)
                0x08007db0                HAL_HCD_SOF_Callback
 .text.HAL_HCD_Connect_Callback
                0x08007db8        0x8 ../libDaisy/build/libdaisy.a(usbh_conf.o)
                0x08007db8                HAL_HCD_Connect_Callback
 .text.HAL_HCD_Disconnect_Callback
                0x08007dc0        0x8 ../libDaisy/build/libdaisy.a(usbh_conf.o)
                0x08007dc0                HAL_HCD_Disconnect_Callback
 .text.HAL_HCD_HC_NotifyURBChange_Callback
                0x08007dc8        0x4 ../libDaisy/build/libdaisy.a(usbh_conf.o)
                0x08007dc8                HAL_HCD_HC_NotifyURBChange_Callback
 .text.HAL_HCD_PortEnabled_Callback
                0x08007dcc        0x8 ../libDaisy/build/libdaisy.a(usbh_conf.o)
                0x08007dcc                HAL_HCD_PortEnabled_Callback
 .text.HAL_HCD_PortDisabled_Callback
                0x08007dd4        0x8 ../libDaisy/build/libdaisy.a(usbh_conf.o)
                0x08007dd4                HAL_HCD_PortDisabled_Callback
 .text.USBH_LL_Stop
                0x08007ddc       0x18 ../libDaisy/build/libdaisy.a(usbh_conf.o)
                0x08007ddc                USBH_LL_Stop
 .text.HAL_MspInit
                0x08007df4        0x4 ../libDaisy/build/libdaisy.a(stm32h7xx_hal.o)
                0x08007df4                HAL_MspInit
 .text.HAL_InitTick
                0x08007df8       0x4c ../libDaisy/build/libdaisy.a(stm32h7xx_hal.o)
                0x08007df8                HAL_InitTick
 .text.HAL_Init
                0x08007e44       0x60 ../libDaisy/build/libdaisy.a(stm32h7xx_hal.o)
                0x08007e44                HAL_Init
 .text.HAL_IncTick
                0x08007ea4       0x18 ../libDaisy/build/libdaisy.a(stm32h7xx_hal.o)
                0x08007ea4                HAL_IncTick
 .text.HAL_GetTick
                0x08007ebc        0xc ../libDaisy/build/libdaisy.a(stm32h7xx_hal.o)
                0x08007ebc                HAL_GetTick
 .text.HAL_Delay
                0x08007ec8       0x24 ../libDaisy/build/libdaisy.a(stm32h7xx_hal.o)
                0x08007ec8                HAL_Delay
 .text.HAL_GetREVID
                0x08007eec        0xc ../libDaisy/build/libdaisy.a(stm32h7xx_hal.o)
                0x08007eec                HAL_GetREVID
 .text.HAL_ADC_ConvHalfCpltCallback
                0x08007ef8        0x4 ../libDaisy/build/libdaisy.a(stm32h7xx_hal_adc.o)
                0x08007ef8                HAL_ADC_ConvHalfCpltCallback
 .text.ADC_DMAHalfConvCplt
                0x08007efc        0xc ../libDaisy/build/libdaisy.a(stm32h7xx_hal_adc.o)
                0x08007efc                ADC_DMAHalfConvCplt
 .text.ADC_DMAConvCplt
                0x08007f08       0x6c ../libDaisy/build/libdaisy.a(stm32h7xx_hal_adc.o)
                0x08007f08                ADC_DMAConvCplt
 .text.ADC_DMAError
                0x08007f74       0x1c ../libDaisy/build/libdaisy.a(stm32h7xx_hal_adc.o)
                0x08007f74                ADC_DMAError
 .text.HAL_ADC_ConfigChannel
                0x08007f90      0x3d0 ../libDaisy/build/libdaisy.a(stm32h7xx_hal_adc.o)
                0x08007f90                HAL_ADC_ConfigChannel
 .text.ADC_Enable
                0x08008360       0xb0 ../libDaisy/build/libdaisy.a(stm32h7xx_hal_adc.o)
                0x08008360                ADC_Enable
 .text.HAL_ADC_Start_DMA
                0x08008410      0x118 ../libDaisy/build/libdaisy.a(stm32h7xx_hal_adc.o)
                0x08008410                HAL_ADC_Start_DMA
 .text.ADC_Disable
                0x08008528       0x74 ../libDaisy/build/libdaisy.a(stm32h7xx_hal_adc.o)
                0x08008528                ADC_Disable
 .text.ADC_ConfigureBoostMode
                0x0800859c      0x15c ../libDaisy/build/libdaisy.a(stm32h7xx_hal_adc.o)
                0x0800859c                ADC_ConfigureBoostMode
 .text.HAL_ADC_Init
                0x080086f8      0x224 ../libDaisy/build/libdaisy.a(stm32h7xx_hal_adc.o)
                0x080086f8                HAL_ADC_Init
 .text.HAL_ADCEx_Calibration_Start
                0x0800891c       0xa4 ../libDaisy/build/libdaisy.a(stm32h7xx_hal_adc_ex.o)
                0x0800891c                HAL_ADCEx_Calibration_Start
 .text.HAL_ADCEx_MultiModeConfigChannel
                0x080089c0       0xc4 ../libDaisy/build/libdaisy.a(stm32h7xx_hal_adc_ex.o)
                0x080089c0                HAL_ADCEx_MultiModeConfigChannel
 .text.HAL_NVIC_SetPriorityGrouping
                0x08008a84       0x24 ../libDaisy/build/libdaisy.a(stm32h7xx_hal_cortex.o)
                0x08008a84                HAL_NVIC_SetPriorityGrouping
 .text.HAL_NVIC_SetPriority
                0x08008aa8       0x78 ../libDaisy/build/libdaisy.a(stm32h7xx_hal_cortex.o)
                0x08008aa8                HAL_NVIC_SetPriority
 .text.HAL_NVIC_EnableIRQ
                0x08008b20       0x1c ../libDaisy/build/libdaisy.a(stm32h7xx_hal_cortex.o)
                0x08008b20                HAL_NVIC_EnableIRQ
 .text.HAL_NVIC_DisableIRQ
                0x08008b3c       0x24 ../libDaisy/build/libdaisy.a(stm32h7xx_hal_cortex.o)
                0x08008b3c                HAL_NVIC_DisableIRQ
 .text.HAL_SYSTICK_Config
                0x08008b60       0x2c ../libDaisy/build/libdaisy.a(stm32h7xx_hal_cortex.o)
                0x08008b60                HAL_SYSTICK_Config
 .text.HAL_MPU_Disable
                0x08008b8c       0x1c ../libDaisy/build/libdaisy.a(stm32h7xx_hal_cortex.o)
                0x08008b8c                HAL_MPU_Disable
 .text.HAL_MPU_Enable
                0x08008ba8       0x20 ../libDaisy/build/libdaisy.a(stm32h7xx_hal_cortex.o)
                0x08008ba8                HAL_MPU_Enable
 .text.HAL_MPU_ConfigRegion
                0x08008bc8       0x64 ../libDaisy/build/libdaisy.a(stm32h7xx_hal_cortex.o)
                0x08008bc8                HAL_MPU_ConfigRegion
 .text.HAL_SYSTICK_Callback
                0x08008c2c        0x4 ../libDaisy/build/libdaisy.a(stm32h7xx_hal_cortex.o)
                0x08008c2c                HAL_SYSTICK_Callback
 .text.HAL_SYSTICK_IRQHandler
                0x08008c30        0x8 ../libDaisy/build/libdaisy.a(stm32h7xx_hal_cortex.o)
                0x08008c30                HAL_SYSTICK_IRQHandler
 .text.DMA_CalcBaseAndBitshift
                0x08008c38      0x100 ../libDaisy/build/libdaisy.a(stm32h7xx_hal_dma.o)
 .text.DMA_CalcDMAMUXChannelBaseAndMask
                0x08008d38       0xd4 ../libDaisy/build/libdaisy.a(stm32h7xx_hal_dma.o)
 .text.HAL_DMA_Init
                0x08008e0c      0x520 ../libDaisy/build/libdaisy.a(stm32h7xx_hal_dma.o)
                0x08008e0c                HAL_DMA_Init
 .text.HAL_DMA_Start_IT
                0x0800932c      0x62c ../libDaisy/build/libdaisy.a(stm32h7xx_hal_dma.o)
                0x0800932c                HAL_DMA_Start_IT
 .text.HAL_DMA_Abort
                0x08009958      0x36c ../libDaisy/build/libdaisy.a(stm32h7xx_hal_dma.o)
                0x08009958                HAL_DMA_Abort
 .text.HAL_DMA_Abort_IT
                0x08009cc4      0x198 ../libDaisy/build/libdaisy.a(stm32h7xx_hal_dma.o)
                0x08009cc4                HAL_DMA_Abort_IT
 .text.HAL_DMA_IRQHandler
                0x08009e5c      0x424 ../libDaisy/build/libdaisy.a(stm32h7xx_hal_dma.o)
                0x08009e5c                HAL_DMA_IRQHandler
 .text.HAL_DMA_GetError
                0x0800a280        0x4 ../libDaisy/build/libdaisy.a(stm32h7xx_hal_dma.o)
                0x0800a280                HAL_DMA_GetError
 .text.HAL_GPIO_Init
                0x0800a284      0x408 ../libDaisy/build/libdaisy.a(stm32h7xx_hal_gpio.o)
                0x0800a284                HAL_GPIO_Init
 .text.HAL_GPIO_DeInit
                0x0800a68c      0x260 ../libDaisy/build/libdaisy.a(stm32h7xx_hal_gpio.o)
                0x0800a68c                HAL_GPIO_DeInit
 .text.HAL_GPIO_ReadPin
                0x0800a8ec        0xc ../libDaisy/build/libdaisy.a(stm32h7xx_hal_gpio.o)
                0x0800a8ec                HAL_GPIO_ReadPin
 .text.HAL_GPIO_WritePin
                0x0800a8f8        0x8 ../libDaisy/build/libdaisy.a(stm32h7xx_hal_gpio.o)
                0x0800a8f8                HAL_GPIO_WritePin
 .text.HAL_HCD_IRQHandler
                0x0800a900      0x93c ../libDaisy/build/libdaisy.a(stm32h7xx_hal_hcd.o)
                0x0800a900                HAL_HCD_IRQHandler
 .text.HAL_HCD_Stop
                0x0800b23c       0x28 ../libDaisy/build/libdaisy.a(stm32h7xx_hal_hcd.o)
                0x0800b23c                HAL_HCD_Stop
 .text.I2C_WaitOnTXISFlagUntilTimeout
                0x0800b264      0x17c ../libDaisy/build/libdaisy.a(stm32h7xx_hal_i2c.o)
 .text.I2C_WaitOnSTOPFlagUntilTimeout
                0x0800b3e0      0x198 ../libDaisy/build/libdaisy.a(stm32h7xx_hal_i2c.o)
 .text.HAL_I2C_Init
                0x0800b578       0xac ../libDaisy/build/libdaisy.a(stm32h7xx_hal_i2c.o)
                0x0800b578                HAL_I2C_Init
 .text.HAL_I2C_Master_Transmit
                0x0800b624      0x398 ../libDaisy/build/libdaisy.a(stm32h7xx_hal_i2c.o)
                0x0800b624                HAL_I2C_Master_Transmit
 .text.HAL_I2C_Slave_Transmit
                0x0800b9bc      0x27c ../libDaisy/build/libdaisy.a(stm32h7xx_hal_i2c.o)
                0x0800b9bc                HAL_I2C_Slave_Transmit
 .text.HAL_I2C_EV_IRQHandler
                0x0800bc38       0x10 ../libDaisy/build/libdaisy.a(stm32h7xx_hal_i2c.o)
                0x0800bc38                HAL_I2C_EV_IRQHandler
 .text.HAL_I2C_GetState
                0x0800bc48        0x8 ../libDaisy/build/libdaisy.a(stm32h7xx_hal_i2c.o)
                0x0800bc48                HAL_I2C_GetState
 .text.HAL_I2CEx_ConfigAnalogFilter
                0x0800bc50       0x54 ../libDaisy/build/libdaisy.a(stm32h7xx_hal_i2c_ex.o)
                0x0800bc50                HAL_I2CEx_ConfigAnalogFilter
 .text.HAL_I2CEx_ConfigDigitalFilter
                0x0800bca4       0x58 ../libDaisy/build/libdaisy.a(stm32h7xx_hal_i2c_ex.o)
                0x0800bca4                HAL_I2CEx_ConfigDigitalFilter
 .text.HAL_PCD_IRQHandler
                0x0800bcfc      0xb6c ../libDaisy/build/libdaisy.a(stm32h7xx_hal_pcd.o)
                0x0800bcfc                HAL_PCD_IRQHandler
 .text.HAL_PCD_SetAddress
                0x0800c868       0x2c ../libDaisy/build/libdaisy.a(stm32h7xx_hal_pcd.o)
                0x0800c868                HAL_PCD_SetAddress
 .text.HAL_PCD_EP_Open
                0x0800c894       0x70 ../libDaisy/build/libdaisy.a(stm32h7xx_hal_pcd.o)
                0x0800c894                HAL_PCD_EP_Open
 .text.HAL_PCD_EP_Receive
                0x0800c904       0x44 ../libDaisy/build/libdaisy.a(stm32h7xx_hal_pcd.o)
                0x0800c904                HAL_PCD_EP_Receive
 .text.HAL_PCD_EP_Transmit
                0x0800c948       0x44 ../libDaisy/build/libdaisy.a(stm32h7xx_hal_pcd.o)
                0x0800c948                HAL_PCD_EP_Transmit
 .text.HAL_PCD_EP_SetStall
                0x0800c98c       0x84 ../libDaisy/build/libdaisy.a(stm32h7xx_hal_pcd.o)
                0x0800c98c                HAL_PCD_EP_SetStall
 .text.HAL_PCD_EP_ClrStall
                0x0800ca10       0x70 ../libDaisy/build/libdaisy.a(stm32h7xx_hal_pcd.o)
                0x0800ca10                HAL_PCD_EP_ClrStall
 .text.HAL_PCDEx_LPM_Callback
                0x0800ca80        0x4 ../libDaisy/build/libdaisy.a(stm32h7xx_hal_pcd_ex.o)
                0x0800ca80                HAL_PCDEx_LPM_Callback
 .text.HAL_PWREx_ConfigSupply
                0x0800ca84       0x48 ../libDaisy/build/libdaisy.a(stm32h7xx_hal_pwr_ex.o)
                0x0800ca84                HAL_PWREx_ConfigSupply
 .text.HAL_PWREx_EnableUSBVoltageDetector
                0x0800cacc       0x10 ../libDaisy/build/libdaisy.a(stm32h7xx_hal_pwr_ex.o)
                0x0800cacc                HAL_PWREx_EnableUSBVoltageDetector
 .text.QSPI_Config
                0x0800cadc      0x188 ../libDaisy/build/libdaisy.a(stm32h7xx_hal_qspi.o)
 .text.HAL_QSPI_Init
                0x0800cc64       0xc8 ../libDaisy/build/libdaisy.a(stm32h7xx_hal_qspi.o)
                0x0800cc64                HAL_QSPI_Init
 .text.HAL_QSPI_DeInit
                0x0800cd2c       0x24 ../libDaisy/build/libdaisy.a(stm32h7xx_hal_qspi.o)
                0x0800cd2c                HAL_QSPI_DeInit
 .text.HAL_QSPI_Command
                0x0800cd50       0xf8 ../libDaisy/build/libdaisy.a(stm32h7xx_hal_qspi.o)
                0x0800cd50                HAL_QSPI_Command
 .text.HAL_QSPI_Transmit
                0x0800ce48      0x11c ../libDaisy/build/libdaisy.a(stm32h7xx_hal_qspi.o)
                0x0800ce48                HAL_QSPI_Transmit
 .text.HAL_QSPI_Receive
                0x0800cf64      0x124 ../libDaisy/build/libdaisy.a(stm32h7xx_hal_qspi.o)
                0x0800cf64                HAL_QSPI_Receive
 .text.HAL_QSPI_AutoPolling
                0x0800d088      0x11c ../libDaisy/build/libdaisy.a(stm32h7xx_hal_qspi.o)
                0x0800d088                HAL_QSPI_AutoPolling
 .text.HAL_QSPI_MemoryMapped
                0x0800d1a4       0xc4 ../libDaisy/build/libdaisy.a(stm32h7xx_hal_qspi.o)
                0x0800d1a4                HAL_QSPI_MemoryMapped
 .text.HAL_QSPI_ErrorCallback
                0x0800d268        0x4 ../libDaisy/build/libdaisy.a(stm32h7xx_hal_qspi.o)
                0x0800d268                HAL_QSPI_ErrorCallback
 .text.QSPI_DMAAbortCplt
                0x0800d26c       0x38 ../libDaisy/build/libdaisy.a(stm32h7xx_hal_qspi.o)
 .text.HAL_QSPI_AbortCpltCallback
                0x0800d2a4        0x4 ../libDaisy/build/libdaisy.a(stm32h7xx_hal_qspi.o)
                0x0800d2a4                HAL_QSPI_AbortCpltCallback
 .text.HAL_QSPI_CmdCpltCallback
                0x0800d2a8        0x4 ../libDaisy/build/libdaisy.a(stm32h7xx_hal_qspi.o)
                0x0800d2a8                HAL_QSPI_CmdCpltCallback
 .text.HAL_QSPI_RxCpltCallback
                0x0800d2ac        0x4 ../libDaisy/build/libdaisy.a(stm32h7xx_hal_qspi.o)
                0x0800d2ac                HAL_QSPI_RxCpltCallback
 .text.HAL_QSPI_TxCpltCallback
                0x0800d2b0        0x4 ../libDaisy/build/libdaisy.a(stm32h7xx_hal_qspi.o)
                0x0800d2b0                HAL_QSPI_TxCpltCallback
 .text.HAL_QSPI_FifoThresholdCallback
                0x0800d2b4        0x4 ../libDaisy/build/libdaisy.a(stm32h7xx_hal_qspi.o)
                0x0800d2b4                HAL_QSPI_FifoThresholdCallback
 .text.HAL_QSPI_StatusMatchCallback
                0x0800d2b8        0x4 ../libDaisy/build/libdaisy.a(stm32h7xx_hal_qspi.o)
                0x0800d2b8                HAL_QSPI_StatusMatchCallback
 .text.HAL_QSPI_TimeOutCallback
                0x0800d2bc        0x4 ../libDaisy/build/libdaisy.a(stm32h7xx_hal_qspi.o)
                0x0800d2bc                HAL_QSPI_TimeOutCallback
 .text.HAL_QSPI_IRQHandler
                0x0800d2c0      0x210 ../libDaisy/build/libdaisy.a(stm32h7xx_hal_qspi.o)
                0x0800d2c0                HAL_QSPI_IRQHandler
 .text.HAL_RCC_GetSysClockFreq.part.0
                0x0800d4d0       0xe4 ../libDaisy/build/libdaisy.a(stm32h7xx_hal_rcc.o)
 .text.HAL_RCC_OscConfig
                0x0800d5b4      0x5e0 ../libDaisy/build/libdaisy.a(stm32h7xx_hal_rcc.o)
                0x0800d5b4                HAL_RCC_OscConfig
 .text.HAL_RCC_GetSysClockFreq
                0x0800db94      0x11c ../libDaisy/build/libdaisy.a(stm32h7xx_hal_rcc.o)
                0x0800db94                HAL_RCC_GetSysClockFreq
 .text.HAL_RCC_ClockConfig
                0x0800dcb0      0x254 ../libDaisy/build/libdaisy.a(stm32h7xx_hal_rcc.o)
                0x0800dcb0                HAL_RCC_ClockConfig
 .text.HAL_RCC_GetHCLKFreq
                0x0800df04       0x80 ../libDaisy/build/libdaisy.a(stm32h7xx_hal_rcc.o)
                0x0800df04                HAL_RCC_GetHCLKFreq
 .text.HAL_RCC_GetPCLK1Freq
                0x0800df84       0x90 ../libDaisy/build/libdaisy.a(stm32h7xx_hal_rcc.o)
                0x0800df84                HAL_RCC_GetPCLK1Freq
 .text.HAL_RCC_GetPCLK2Freq
                0x0800e014       0x90 ../libDaisy/build/libdaisy.a(stm32h7xx_hal_rcc.o)
                0x0800e014                HAL_RCC_GetPCLK2Freq
 .text.RCCEx_PLL2_Config.part.0
                0x0800e0a4       0xe0 ../libDaisy/build/libdaisy.a(stm32h7xx_hal_rcc_ex.o)
 .text.RCCEx_PLL3_Config.part.0
                0x0800e184       0xe0 ../libDaisy/build/libdaisy.a(stm32h7xx_hal_rcc_ex.o)
 .text.HAL_RCCEx_PeriphCLKConfig
                0x0800e264      0xe6c ../libDaisy/build/libdaisy.a(stm32h7xx_hal_rcc_ex.o)
                0x0800e264                HAL_RCCEx_PeriphCLKConfig
 .text.HAL_RCCEx_GetD3PCLK1Freq
                0x0800f0d0       0x24 ../libDaisy/build/libdaisy.a(stm32h7xx_hal_rcc_ex.o)
                0x0800f0d0                HAL_RCCEx_GetD3PCLK1Freq
 .text.HAL_RCCEx_GetPLL2ClockFreq
                0x0800f0f4      0x134 ../libDaisy/build/libdaisy.a(stm32h7xx_hal_rcc_ex.o)
                0x0800f0f4                HAL_RCCEx_GetPLL2ClockFreq
 .text.HAL_RCCEx_GetPLL3ClockFreq
                0x0800f228      0x134 ../libDaisy/build/libdaisy.a(stm32h7xx_hal_rcc_ex.o)
                0x0800f228                HAL_RCCEx_GetPLL3ClockFreq
 .text.HAL_RCCEx_GetPLL1ClockFreq
                0x0800f35c      0x134 ../libDaisy/build/libdaisy.a(stm32h7xx_hal_rcc_ex.o)
                0x0800f35c                HAL_RCCEx_GetPLL1ClockFreq
 .text.HAL_RCCEx_GetPeriphCLKFreq
                0x0800f490      0x6f8 ../libDaisy/build/libdaisy.a(stm32h7xx_hal_rcc_ex.o)
                0x0800f490                HAL_RCCEx_GetPeriphCLKFreq
 .text.HAL_SAI_Init
                0x0800fb88      0x3c8 ../libDaisy/build/libdaisy.a(stm32h7xx_hal_sai.o)
                0x0800fb88                HAL_SAI_Init
 .text.HAL_SAI_InitProtocol
                0x0800ff50      0x138 ../libDaisy/build/libdaisy.a(stm32h7xx_hal_sai.o)
                0x0800ff50                HAL_SAI_InitProtocol
 .text.HAL_SAI_Transmit_DMA
                0x08010088      0x110 ../libDaisy/build/libdaisy.a(stm32h7xx_hal_sai.o)
                0x08010088                HAL_SAI_Transmit_DMA
 .text.HAL_SAI_Receive_DMA
                0x08010198       0xc4 ../libDaisy/build/libdaisy.a(stm32h7xx_hal_sai.o)
                0x08010198                HAL_SAI_Receive_DMA
 .text.HAL_SAI_TxCpltCallback
                0x0801025c        0x4 ../libDaisy/build/libdaisy.a(stm32h7xx_hal_sai.o)
                0x0801025c                HAL_SAI_TxCpltCallback
 .text.SAI_DMATxCplt
                0x08010260       0x5c ../libDaisy/build/libdaisy.a(stm32h7xx_hal_sai.o)
 .text.HAL_SAI_TxHalfCpltCallback
                0x080102bc        0x4 ../libDaisy/build/libdaisy.a(stm32h7xx_hal_sai.o)
                0x080102bc                HAL_SAI_TxHalfCpltCallback
 .text.SAI_DMATxHalfCplt
                0x080102c0        0xc ../libDaisy/build/libdaisy.a(stm32h7xx_hal_sai.o)
 .text.SAI_DMARxCplt
                0x080102cc       0x5c ../libDaisy/build/libdaisy.a(stm32h7xx_hal_sai.o)
 .text.SAI_DMARxHalfCplt
                0x08010328        0xc ../libDaisy/build/libdaisy.a(stm32h7xx_hal_sai.o)
 .text.HAL_SAI_ErrorCallback
                0x08010334        0x4 ../libDaisy/build/libdaisy.a(stm32h7xx_hal_sai.o)
                0x08010334                HAL_SAI_ErrorCallback
 .text.SAI_DMAError
                0x08010338       0x6c ../libDaisy/build/libdaisy.a(stm32h7xx_hal_sai.o)
 .text.HAL_SDRAM_Init
                0x080103a4       0x54 ../libDaisy/build/libdaisy.a(stm32h7xx_hal_sdram.o)
                0x080103a4                HAL_SDRAM_Init
 .text.HAL_SDRAM_SendCommand
                0x080103f8       0x40 ../libDaisy/build/libdaisy.a(stm32h7xx_hal_sdram.o)
                0x080103f8                HAL_SDRAM_SendCommand
 .text.HAL_SDRAM_ProgramRefreshRate
                0x08010438       0x30 ../libDaisy/build/libdaisy.a(stm32h7xx_hal_sdram.o)
                0x08010438                HAL_SDRAM_ProgramRefreshRate
 .text.FMC_SDRAM_Init
                0x08010468       0x6c ../libDaisy/build/libdaisy.a(stm32h7xx_ll_fmc.o)
                0x08010468                FMC_SDRAM_Init
 .text.FMC_SDRAM_Timing_Init
                0x080104d4       0x7c ../libDaisy/build/libdaisy.a(stm32h7xx_ll_fmc.o)
                0x080104d4                FMC_SDRAM_Timing_Init
 .text.FMC_SDRAM_SendCommand
                0x08010550       0x34 ../libDaisy/build/libdaisy.a(stm32h7xx_ll_fmc.o)
                0x08010550                FMC_SDRAM_SendCommand
 .text.FMC_SDRAM_ProgramRefreshRate
                0x08010584       0x14 ../libDaisy/build/libdaisy.a(stm32h7xx_ll_fmc.o)
                0x08010584                FMC_SDRAM_ProgramRefreshRate
 .text.USB_SetTurnaroundTime
                0x08010598       0xf4 ../libDaisy/build/libdaisy.a(stm32h7xx_ll_usb.o)
                0x08010598                USB_SetTurnaroundTime
 .text.USB_FlushTxFifo
                0x0801068c       0x54 ../libDaisy/build/libdaisy.a(stm32h7xx_ll_usb.o)
                0x0801068c                USB_FlushTxFifo
 .text.USB_FlushRxFifo
                0x080106e0       0x50 ../libDaisy/build/libdaisy.a(stm32h7xx_ll_usb.o)
                0x080106e0                USB_FlushRxFifo
 .text.USB_GetDevSpeed
                0x08010730       0x18 ../libDaisy/build/libdaisy.a(stm32h7xx_ll_usb.o)
                0x08010730                USB_GetDevSpeed
 .text.USB_ActivateEndpoint
                0x08010748       0x8c ../libDaisy/build/libdaisy.a(stm32h7xx_ll_usb.o)
                0x08010748                USB_ActivateEndpoint
 .text.USB_EPStartXfer
                0x080107d4      0x23c ../libDaisy/build/libdaisy.a(stm32h7xx_ll_usb.o)
                0x080107d4                USB_EPStartXfer
 .text.USB_EPStopXfer
                0x08010a10       0x94 ../libDaisy/build/libdaisy.a(stm32h7xx_ll_usb.o)
                0x08010a10                USB_EPStopXfer
 .text.USB_WritePacket
                0x08010aa4       0x2c ../libDaisy/build/libdaisy.a(stm32h7xx_ll_usb.o)
                0x08010aa4                USB_WritePacket
 .text.USB_ReadPacket
                0x08010ad0       0x4c ../libDaisy/build/libdaisy.a(stm32h7xx_ll_usb.o)
                0x08010ad0                USB_ReadPacket
 .text.USB_EPSetStall
                0x08010b1c       0x70 ../libDaisy/build/libdaisy.a(stm32h7xx_ll_usb.o)
                0x08010b1c                USB_EPSetStall
 .text.USB_EPClearStall
                0x08010b8c       0x58 ../libDaisy/build/libdaisy.a(stm32h7xx_ll_usb.o)
                0x08010b8c                USB_EPClearStall
 .text.USB_SetDevAddress
                0x08010be4       0x24 ../libDaisy/build/libdaisy.a(stm32h7xx_ll_usb.o)
                0x08010be4                USB_SetDevAddress
 .text.USB_ReadInterrupts
                0x08010c08        0x8 ../libDaisy/build/libdaisy.a(stm32h7xx_ll_usb.o)
                0x08010c08                USB_ReadInterrupts
 .text.USB_ReadChInterrupts
                0x08010c10       0x10 ../libDaisy/build/libdaisy.a(stm32h7xx_ll_usb.o)
                0x08010c10                USB_ReadChInterrupts
 .text.USB_ReadDevAllOutEpInterrupt
                0x08010c20       0x10 ../libDaisy/build/libdaisy.a(stm32h7xx_ll_usb.o)
                0x08010c20                USB_ReadDevAllOutEpInterrupt
 .text.USB_ReadDevAllInEpInterrupt
                0x08010c30       0x10 ../libDaisy/build/libdaisy.a(stm32h7xx_ll_usb.o)
                0x08010c30                USB_ReadDevAllInEpInterrupt
 .text.USB_ReadDevOutEPInterrupt
                0x08010c40       0x10 ../libDaisy/build/libdaisy.a(stm32h7xx_ll_usb.o)
                0x08010c40                USB_ReadDevOutEPInterrupt
 .text.USB_ReadDevInEPInterrupt
                0x08010c50       0x20 ../libDaisy/build/libdaisy.a(stm32h7xx_ll_usb.o)
                0x08010c50                USB_ReadDevInEPInterrupt
 .text.USB_GetMode
                0x08010c70        0x8 ../libDaisy/build/libdaisy.a(stm32h7xx_ll_usb.o)
                0x08010c70                USB_GetMode
 .text.USB_ActivateSetup
                0x08010c78       0x20 ../libDaisy/build/libdaisy.a(stm32h7xx_ll_usb.o)
                0x08010c78                USB_ActivateSetup
 .text.USB_EP0_OutStart
                0x08010c98       0x50 ../libDaisy/build/libdaisy.a(stm32h7xx_ll_usb.o)
                0x08010c98                USB_EP0_OutStart
 .text.USB_InitFSLSPClkSel
                0x08010ce8       0x44 ../libDaisy/build/libdaisy.a(stm32h7xx_ll_usb.o)
                0x08010ce8                USB_InitFSLSPClkSel
 .text.USB_HC_ReadInterrupt
                0x08010d2c        0x8 ../libDaisy/build/libdaisy.a(stm32h7xx_ll_usb.o)
                0x08010d2c                USB_HC_ReadInterrupt
 .text.USB_HC_Halt
                0x08010d34       0xd4 ../libDaisy/build/libdaisy.a(stm32h7xx_ll_usb.o)
                0x08010d34                USB_HC_Halt
 .text.USB_StopHost
                0x08010e08      0x1ec ../libDaisy/build/libdaisy.a(stm32h7xx_ll_usb.o)
                0x08010e08                USB_StopHost
 .text.USBD_SetClassConfig
                0x08010ff4       0x10 ../libDaisy/build/libdaisy.a(usbd_core.o)
                0x08010ff4                USBD_SetClassConfig
 .text.USBD_ClrClassConfig
                0x08011004       0x14 ../libDaisy/build/libdaisy.a(usbd_core.o)
                0x08011004                USBD_ClrClassConfig
 .text.USBD_LL_SetupStage
                0x08011018       0x60 ../libDaisy/build/libdaisy.a(usbd_core.o)
                0x08011018                USBD_LL_SetupStage
 .text.USBD_LL_DataOutStage
                0x08011078       0x74 ../libDaisy/build/libdaisy.a(usbd_core.o)
                0x08011078                USBD_LL_DataOutStage
 .text.USBD_LL_DataInStage
                0x080110ec       0xc0 ../libDaisy/build/libdaisy.a(usbd_core.o)
                0x080110ec                USBD_LL_DataInStage
 .text.USBD_LL_Reset
                0x080111ac       0x5c ../libDaisy/build/libdaisy.a(usbd_core.o)
                0x080111ac                USBD_LL_Reset
 .text.USBD_LL_SetSpeed
                0x08011208        0x8 ../libDaisy/build/libdaisy.a(usbd_core.o)
                0x08011208                USBD_LL_SetSpeed
 .text.USBD_LL_Suspend
                0x08011210       0x20 ../libDaisy/build/libdaisy.a(usbd_core.o)
                0x08011210                USBD_LL_Suspend
 .text.USBD_LL_Resume
                0x08011230       0x18 ../libDaisy/build/libdaisy.a(usbd_core.o)
                0x08011230                USBD_LL_Resume
 .text.USBD_LL_SOF
                0x08011248       0x20 ../libDaisy/build/libdaisy.a(usbd_core.o)
                0x08011248                USBD_LL_SOF
 .text.USBD_LL_IsoINIncomplete
                0x08011268       0x2c ../libDaisy/build/libdaisy.a(usbd_core.o)
                0x08011268                USBD_LL_IsoINIncomplete
 .text.USBD_LL_IsoOUTIncomplete
                0x08011294       0x2c ../libDaisy/build/libdaisy.a(usbd_core.o)
                0x08011294                USBD_LL_IsoOUTIncomplete
 .text.USBD_LL_DevConnected
                0x080112c0        0x4 ../libDaisy/build/libdaisy.a(usbd_core.o)
                0x080112c0                USBD_LL_DevConnected
 .text.USBD_LL_DevDisconnected
                0x080112c4       0x24 ../libDaisy/build/libdaisy.a(usbd_core.o)
                0x080112c4                USBD_LL_DevDisconnected
 .text.USBD_CoreFindIF
                0x080112e8        0x4 ../libDaisy/build/libdaisy.a(usbd_core.o)
                0x080112e8                USBD_CoreFindIF
 .text.USBD_CoreFindEP
                0x080112ec        0x4 ../libDaisy/build/libdaisy.a(usbd_core.o)
                0x080112ec                USBD_CoreFindEP
 .text.USBD_StdDevReq
                0x080112f0      0x350 ../libDaisy/build/libdaisy.a(usbd_ctlreq.o)
                0x080112f0                USBD_StdDevReq
 .text.USBD_StdItfReq
                0x08011640       0x80 ../libDaisy/build/libdaisy.a(usbd_ctlreq.o)
                0x08011640                USBD_StdItfReq
 .text.USBD_StdEPReq
                0x080116c0      0x15c ../libDaisy/build/libdaisy.a(usbd_ctlreq.o)
                0x080116c0                USBD_StdEPReq
 .text.USBD_ParseSetupRequest
                0x0801181c       0x18 ../libDaisy/build/libdaisy.a(usbd_ctlreq.o)
                0x0801181c                USBD_ParseSetupRequest
 .text.USBD_CtlSendData
                0x08011834       0x1c ../libDaisy/build/libdaisy.a(usbd_ioreq.o)
                0x08011834                USBD_CtlSendData
 .text.USBD_CtlContinueSendData
                0x08011850       0x14 ../libDaisy/build/libdaisy.a(usbd_ioreq.o)
                0x08011850                USBD_CtlContinueSendData
 .text.USBD_CtlContinueRx
                0x08011864       0x14 ../libDaisy/build/libdaisy.a(usbd_ioreq.o)
                0x08011864                USBD_CtlContinueRx
 .text.USBD_CtlSendStatus
                0x08011878       0x18 ../libDaisy/build/libdaisy.a(usbd_ioreq.o)
                0x08011878                USBD_CtlSendStatus
 .text.USBD_CtlReceiveStatus
                0x08011890       0x18 ../libDaisy/build/libdaisy.a(usbd_ioreq.o)
                0x08011890                USBD_CtlReceiveStatus
 .text.USBH_LL_IncTimer
                0x080118a8       0x20 ../libDaisy/build/libdaisy.a(usbh_core.o)
                0x080118a8                USBH_LL_IncTimer
 .text.USBH_LL_PortEnabled
                0x080118c8        0x8 ../libDaisy/build/libdaisy.a(usbh_core.o)
                0x080118c8                USBH_LL_PortEnabled
 .text.USBH_LL_PortDisabled
                0x080118d0        0x8 ../libDaisy/build/libdaisy.a(usbh_core.o)
                0x080118d0                USBH_LL_PortDisabled
 .text.USBH_LL_Connect
                0x080118d8       0x18 ../libDaisy/build/libdaisy.a(usbh_core.o)
                0x080118d8                USBH_LL_Connect
 .text.USBH_LL_Disconnect
                0x080118f0       0x2c ../libDaisy/build/libdaisy.a(usbh_core.o)
                0x080118f0                USBH_LL_Disconnect
 .text.USBH_FreePipe
                0x0801191c       0x18 ../libDaisy/build/libdaisy.a(usbh_pipes.o)
                0x0801191c                USBH_FreePipe
 .text._ZN5daisy3Led4InitENS_3PinEbf
                0x08011934       0x54 ../libDaisy/build/libdaisy.a(led.o)
                0x08011934                daisy::Led::Init(daisy::Pin, bool, float)
 .text._ZN5daisy3Led3SetEf
                0x08011988       0x24 ../libDaisy/build/libdaisy.a(led.o)
                0x08011988                daisy::Led::Set(float)
 .text._ZN5daisy3Led6UpdateEv
                0x080119ac       0x48 ../libDaisy/build/libdaisy.a(led.o)
                0x080119ac                daisy::Led::Update()
 .text._ZN5daisy6Random4InitEv
                0x080119f4       0x3c ../libDaisy/build/libdaisy.a(rng.o)
                0x080119f4                daisy::Random::Init()
 .text._ZN5daisy9SpiHandle4Impl7InitDmaEv
                0x08011a30       0xec ../libDaisy/build/libdaisy.a(spi.o)
                0x08011a30                daisy::SpiHandle::Impl::InitDma()
 .text._ZN5daisy9SpiHandle4Impl10StartDmaTxEPhjPFvPvEPFvS3_NS0_6ResultEES3_
                0x08011b1c       0x84 ../libDaisy/build/libdaisy.a(spi.o)
                0x08011b1c                daisy::SpiHandle::Impl::StartDmaTx(unsigned char*, unsigned int, void (*)(void*), void (*)(void*, daisy::SpiHandle::Result), void*)
 .text._ZN5daisy9SpiHandle4Impl10StartDmaRxEPhjPFvPvEPFvS3_NS0_6ResultEES3_
                0x08011ba0       0x84 ../libDaisy/build/libdaisy.a(spi.o)
                0x08011ba0                daisy::SpiHandle::Impl::StartDmaRx(unsigned char*, unsigned int, void (*)(void*), void (*)(void*, daisy::SpiHandle::Result), void*)
 .text._ZN5daisy9SpiHandle4Impl12StartDmaRxTxEPhS2_jPFvPvEPFvS3_NS0_6ResultEES3_
                0x08011c24       0x88 ../libDaisy/build/libdaisy.a(spi.o)
                0x08011c24                daisy::SpiHandle::Impl::StartDmaRxTx(unsigned char*, unsigned char*, unsigned int, void (*)(void*), void (*)(void*, daisy::SpiHandle::Result), void*)
 .text._ZN5daisy9SpiHandle4Impl8InitPinsEv
                0x08011cac      0x21c ../libDaisy/build/libdaisy.a(spi.o)
                0x08011cac                daisy::SpiHandle::Impl::InitPins()
 .text.HAL_SPI_MspInit
                0x08011ec8      0x6e8 ../libDaisy/build/libdaisy.a(spi.o)
                0x08011ec8                HAL_SPI_MspInit
 .text.dsy_spi_global_init
                0x080125b0       0x80 ../libDaisy/build/libdaisy.a(spi.o)
                0x080125b0                dsy_spi_global_init
 .text.SPI1_IRQHandler
                0x08012630        0xc ../libDaisy/build/libdaisy.a(spi.o)
                0x08012630                SPI1_IRQHandler
 .text.SPI2_IRQHandler
                0x0801263c        0xc ../libDaisy/build/libdaisy.a(spi.o)
                0x0801263c                SPI2_IRQHandler
 .text.SPI3_IRQHandler
                0x08012648        0xc ../libDaisy/build/libdaisy.a(spi.o)
                0x08012648                SPI3_IRQHandler
 .text.SPI4_IRQHandler
                0x08012654        0xc ../libDaisy/build/libdaisy.a(spi.o)
                0x08012654                SPI4_IRQHandler
 .text.SPI5_IRQHandler
                0x08012660        0xc ../libDaisy/build/libdaisy.a(spi.o)
                0x08012660                SPI5_IRQHandler
 .text.DMA2_Stream2_IRQHandler
                0x0801266c       0x34 ../libDaisy/build/libdaisy.a(spi.o)
                0x0801266c                DMA2_Stream2_IRQHandler
 .text.DMA2_Stream3_IRQHandler
                0x080126a0       0x34 ../libDaisy/build/libdaisy.a(spi.o)
                0x080126a0                DMA2_Stream3_IRQHandler
 .text.HAL_SPI_TxCpltCallback
                0x080126d4       0xc0 ../libDaisy/build/libdaisy.a(spi.o)
                0x080126d4                HAL_SPI_TxCpltCallback
 .text.HAL_SPI_RxCpltCallback
                0x08012794       0xc0 ../libDaisy/build/libdaisy.a(spi.o)
                0x08012794                HAL_SPI_RxCpltCallback
 .text.HAL_SPI_TxRxCpltCallback
                0x08012854       0xc0 ../libDaisy/build/libdaisy.a(spi.o)
                0x08012854                HAL_SPI_TxRxCpltCallback
 .text.HAL_SPI_ErrorCallback
                0x08012914       0xc8 ../libDaisy/build/libdaisy.a(spi.o)
                0x08012914                HAL_SPI_ErrorCallback
 .text.startup._GLOBAL__sub_I__Z19MapInstanceToHandleP11SPI_TypeDef
                0x080129dc      0x1d8 ../libDaisy/build/libdaisy.a(spi.o)
 .text.HAL_TIM_Base_MspInit
                0x08012bb4      0x19c ../libDaisy/build/libdaisy.a(tim.o)
                0x08012bb4                HAL_TIM_Base_MspInit
 .text.HAL_TIM_PeriodElapsedCallback
                0x08012d50       0x44 ../libDaisy/build/libdaisy.a(tim.o)
                0x08012d50                HAL_TIM_PeriodElapsedCallback
 .text.TIM2_IRQHandler
                0x08012d94        0xc ../libDaisy/build/libdaisy.a(tim.o)
                0x08012d94                TIM2_IRQHandler
 .text.TIM3_IRQHandler
                0x08012da0        0xc ../libDaisy/build/libdaisy.a(tim.o)
                0x08012da0                TIM3_IRQHandler
 .text.TIM4_IRQHandler
                0x08012dac        0xc ../libDaisy/build/libdaisy.a(tim.o)
                0x08012dac                TIM4_IRQHandler
 .text.TIM5_IRQHandler
                0x08012db8        0xc ../libDaisy/build/libdaisy.a(tim.o)
                0x08012db8                TIM5_IRQHandler
 .text._ZN5daisy11TimerHandle4InitERKNS0_6ConfigE
                0x08012dc4       0xc8 ../libDaisy/build/libdaisy.a(tim.o)
                0x08012dc4                daisy::TimerHandle::Init(daisy::TimerHandle::Config const&)
 .text._ZN5daisy11TimerHandle5StartEv
                0x08012e8c       0x24 ../libDaisy/build/libdaisy.a(tim.o)
                0x08012e8c                daisy::TimerHandle::Start()
 .text.startup._GLOBAL__sub_I__ZN5daisy11TimerHandle4Impl4InitERKNS0_6ConfigE
                0x08012eb0       0x44 ../libDaisy/build/libdaisy.a(tim.o)
 .text._ZL20UART_CheckRxListenerPN5daisy11UartHandler4ImplE
                0x08012ef4       0x84 ../libDaisy/build/libdaisy.a(uart.o)
 .text._ZN5daisy11UartHandler4Impl10StartDmaTxEPhjPFvPvEPFvS3_NS0_6ResultEES3_
                0x08012f78      0x170 ../libDaisy/build/libdaisy.a(uart.o)
                0x08012f78                daisy::UartHandler::Impl::StartDmaTx(unsigned char*, unsigned int, void (*)(void*), void (*)(void*, daisy::UartHandler::Result), void*)
 .text._ZN5daisy11UartHandler4Impl10StartDmaRxEPhjPFvPvEPFvS3_NS0_6ResultEES3_
                0x080130e8      0x170 ../libDaisy/build/libdaisy.a(uart.o)
                0x080130e8                daisy::UartHandler::Impl::StartDmaRx(unsigned char*, unsigned int, void (*)(void*), void (*)(void*, daisy::UartHandler::Result), void*)
 .text._ZN5daisy11UartHandler4Impl19DmaTransferFinishedEP20__UART_HandleTypeDefNS0_6ResultE
                0x08013258       0xc0 ../libDaisy/build/libdaisy.a(uart.o)
                0x08013258                daisy::UartHandler::Impl::DmaTransferFinished(__UART_HandleTypeDef*, daisy::UartHandler::Result)
 .text._ZN5daisy11UartHandler4Impl8InitPinsEv
                0x08013318      0x14c ../libDaisy/build/libdaisy.a(uart.o)
                0x08013318                daisy::UartHandler::Impl::InitPins()
 .text.HAL_UART_MspInit
                0x08013464      0x4b4 ../libDaisy/build/libdaisy.a(uart.o)
                0x08013464                HAL_UART_MspInit
 .text.dsy_uart_global_init
                0x08013918       0xfc ../libDaisy/build/libdaisy.a(uart.o)
                0x08013918                dsy_uart_global_init
 .text.USART1_IRQHandler
                0x08013a14       0x30 ../libDaisy/build/libdaisy.a(uart.o)
                0x08013a14                USART1_IRQHandler
 .text.USART2_IRQHandler
                0x08013a44       0x38 ../libDaisy/build/libdaisy.a(uart.o)
                0x08013a44                USART2_IRQHandler
 .text.USART3_IRQHandler
                0x08013a7c       0x38 ../libDaisy/build/libdaisy.a(uart.o)
                0x08013a7c                USART3_IRQHandler
 .text.UART4_IRQHandler
                0x08013ab4       0x38 ../libDaisy/build/libdaisy.a(uart.o)
                0x08013ab4                UART4_IRQHandler
 .text.UART5_IRQHandler
                0x08013aec       0x38 ../libDaisy/build/libdaisy.a(uart.o)
                0x08013aec                UART5_IRQHandler
 .text.USART6_IRQHandler
                0x08013b24       0x38 ../libDaisy/build/libdaisy.a(uart.o)
                0x08013b24                USART6_IRQHandler
 .text.UART7_IRQHandler
                0x08013b5c       0x38 ../libDaisy/build/libdaisy.a(uart.o)
                0x08013b5c                UART7_IRQHandler
 .text.UART8_IRQHandler
                0x08013b94       0x38 ../libDaisy/build/libdaisy.a(uart.o)
                0x08013b94                UART8_IRQHandler
 .text.LPUART1_IRQHandler
                0x08013bcc       0x38 ../libDaisy/build/libdaisy.a(uart.o)
                0x08013bcc                LPUART1_IRQHandler
 .text.DMA1_Stream5_IRQHandler
                0x08013c04       0x34 ../libDaisy/build/libdaisy.a(uart.o)
                0x08013c04                DMA1_Stream5_IRQHandler
 .text.DMA2_Stream4_IRQHandler
                0x08013c38       0x34 ../libDaisy/build/libdaisy.a(uart.o)
                0x08013c38                DMA2_Stream4_IRQHandler
 .text.HAL_UART_TxCpltCallback
                0x08013c6c        0x8 ../libDaisy/build/libdaisy.a(uart.o)
                0x08013c6c                HAL_UART_TxCpltCallback
 .text.HAL_UART_RxCpltCallback
                0x08013c74       0x94 ../libDaisy/build/libdaisy.a(uart.o)
                0x08013c74                HAL_UART_RxCpltCallback
 .text.HAL_UART_RxHalfCpltCallback
                0x08013d08       0x90 ../libDaisy/build/libdaisy.a(uart.o)
                0x08013d08                HAL_UART_RxHalfCpltCallback
 .text.HAL_UART_ErrorCallback
                0x08013d98       0x94 ../libDaisy/build/libdaisy.a(uart.o)
                0x08013d98                HAL_UART_ErrorCallback
 .text.startup._GLOBAL__sub_I__Z19MapInstanceToHandleP13USART_TypeDef
                0x08013e2c      0x1b0 ../libDaisy/build/libdaisy.a(uart.o)
 .text.dsy_dma_init
                0x08013fdc      0x100 ../libDaisy/build/libdaisy.a(dma.o)
                0x08013fdc                dsy_dma_init
 .text.dsy_dma_invalidate_cache_for_buffer
                0x080140dc       0x2c ../libDaisy/build/libdaisy.a(dma.o)
                0x080140dc                dsy_dma_invalidate_cache_for_buffer
 .text.HAL_MDMA_Abort_IT
                0x08014108       0x28 ../libDaisy/build/libdaisy.a(stm32h7xx_hal_mdma.o)
                0x08014108                HAL_MDMA_Abort_IT
 .text.SPI_CloseTransfer
                0x08014130       0xb8 ../libDaisy/build/libdaisy.a(stm32h7xx_hal_spi.o)
 .text.HAL_SPI_Init
                0x080141e8      0x1a4 ../libDaisy/build/libdaisy.a(stm32h7xx_hal_spi.o)
                0x080141e8                HAL_SPI_Init
 .text.HAL_SPI_Transmit_DMA
                0x0801438c      0x170 ../libDaisy/build/libdaisy.a(stm32h7xx_hal_spi.o)
                0x0801438c                HAL_SPI_Transmit_DMA
 .text.HAL_SPI_Receive_DMA
                0x080144fc      0x17c ../libDaisy/build/libdaisy.a(stm32h7xx_hal_spi.o)
                0x080144fc                HAL_SPI_Receive_DMA
 .text.HAL_SPI_TransmitReceive_DMA
                0x08014678      0x1f8 ../libDaisy/build/libdaisy.a(stm32h7xx_hal_spi.o)
                0x08014678                HAL_SPI_TransmitReceive_DMA
 .text.SPI_DMATransmitCplt
                0x08014870       0x28 ../libDaisy/build/libdaisy.a(stm32h7xx_hal_spi.o)
 .text.SPI_DMAReceiveCplt
                0x08014898       0x28 ../libDaisy/build/libdaisy.a(stm32h7xx_hal_spi.o)
 .text.SPI_DMATransmitReceiveCplt
                0x080148c0       0x28 ../libDaisy/build/libdaisy.a(stm32h7xx_hal_spi.o)
 .text.HAL_SPI_TxHalfCpltCallback
                0x080148e8        0x4 ../libDaisy/build/libdaisy.a(stm32h7xx_hal_spi.o)
                0x080148e8                HAL_SPI_TxHalfCpltCallback
 .text.SPI_DMAHalfTransmitCplt
                0x080148ec        0xc ../libDaisy/build/libdaisy.a(stm32h7xx_hal_spi.o)
 .text.HAL_SPI_RxHalfCpltCallback
                0x080148f8        0x4 ../libDaisy/build/libdaisy.a(stm32h7xx_hal_spi.o)
                0x080148f8                HAL_SPI_RxHalfCpltCallback
 .text.SPI_DMAHalfReceiveCplt
                0x080148fc        0xc ../libDaisy/build/libdaisy.a(stm32h7xx_hal_spi.o)
 .text.HAL_SPI_TxRxHalfCpltCallback
                0x08014908        0x4 ../libDaisy/build/libdaisy.a(stm32h7xx_hal_spi.o)
                0x08014908                HAL_SPI_TxRxHalfCpltCallback
 .text.SPI_DMAHalfTransmitReceiveCplt
                0x0801490c        0xc ../libDaisy/build/libdaisy.a(stm32h7xx_hal_spi.o)
 .text.SPI_DMAError
                0x08014918       0xd8 ../libDaisy/build/libdaisy.a(stm32h7xx_hal_spi.o)
 .text.SPI_DMAAbortOnError
                0x080149f0       0x1c ../libDaisy/build/libdaisy.a(stm32h7xx_hal_spi.o)
 .text.HAL_SPI_SuspendCallback
                0x08014a0c        0x4 ../libDaisy/build/libdaisy.a(stm32h7xx_hal_spi.o)
                0x08014a0c                HAL_SPI_SuspendCallback
 .text.HAL_SPI_IRQHandler
                0x08014a10      0x208 ../libDaisy/build/libdaisy.a(stm32h7xx_hal_spi.o)
                0x08014a10                HAL_SPI_IRQHandler
 .text.HAL_SPI_GetState
                0x08014c18        0x8 ../libDaisy/build/libdaisy.a(stm32h7xx_hal_spi.o)
                0x08014c18                HAL_SPI_GetState
 .text.HAL_TIM_Base_Init
                0x08014c20      0x144 ../libDaisy/build/libdaisy.a(stm32h7xx_hal_tim.o)
                0x08014c20                HAL_TIM_Base_Init
 .text.HAL_TIM_Base_Start
                0x08014d64       0x9c ../libDaisy/build/libdaisy.a(stm32h7xx_hal_tim.o)
                0x08014d64                HAL_TIM_Base_Start
 .text.HAL_TIM_Base_Start_IT
                0x08014e00       0xa4 ../libDaisy/build/libdaisy.a(stm32h7xx_hal_tim.o)
                0x08014e00                HAL_TIM_Base_Start_IT
 .text.HAL_TIM_ConfigClockSource
                0x08014ea4      0x190 ../libDaisy/build/libdaisy.a(stm32h7xx_hal_tim.o)
                0x08014ea4                HAL_TIM_ConfigClockSource
 .text.HAL_TIM_OC_DelayElapsedCallback
                0x08015034        0x4 ../libDaisy/build/libdaisy.a(stm32h7xx_hal_tim.o)
                0x08015034                HAL_TIM_OC_DelayElapsedCallback
 .text.HAL_TIM_IC_CaptureCallback
                0x08015038        0x4 ../libDaisy/build/libdaisy.a(stm32h7xx_hal_tim.o)
                0x08015038                HAL_TIM_IC_CaptureCallback
 .text.HAL_TIM_PWM_PulseFinishedCallback
                0x0801503c        0x4 ../libDaisy/build/libdaisy.a(stm32h7xx_hal_tim.o)
                0x0801503c                HAL_TIM_PWM_PulseFinishedCallback
 .text.HAL_TIM_TriggerCallback
                0x08015040        0x4 ../libDaisy/build/libdaisy.a(stm32h7xx_hal_tim.o)
                0x08015040                HAL_TIM_TriggerCallback
 .text.HAL_TIM_IRQHandler
                0x08015044      0x154 ../libDaisy/build/libdaisy.a(stm32h7xx_hal_tim.o)
                0x08015044                HAL_TIM_IRQHandler
 .text.HAL_TIMEx_MasterConfigSynchronization
                0x08015198       0xb4 ../libDaisy/build/libdaisy.a(stm32h7xx_hal_tim_ex.o)
                0x08015198                HAL_TIMEx_MasterConfigSynchronization
 .text.HAL_TIMEx_CommutCallback
                0x0801524c        0x4 ../libDaisy/build/libdaisy.a(stm32h7xx_hal_tim_ex.o)
                0x0801524c                HAL_TIMEx_CommutCallback
 .text.HAL_TIMEx_BreakCallback
                0x08015250        0x4 ../libDaisy/build/libdaisy.a(stm32h7xx_hal_tim_ex.o)
                0x08015250                HAL_TIMEx_BreakCallback
 .text.HAL_TIMEx_Break2Callback
                0x08015254        0x4 ../libDaisy/build/libdaisy.a(stm32h7xx_hal_tim_ex.o)
                0x08015254                HAL_TIMEx_Break2Callback
 .text.HAL_UART_Transmit_DMA
                0x08015258       0x8c ../libDaisy/build/libdaisy.a(stm32h7xx_hal_uart.o)
                0x08015258                HAL_UART_Transmit_DMA
 .text.UART_DMATransmitCplt
                0x080152e4       0x44 ../libDaisy/build/libdaisy.a(stm32h7xx_hal_uart.o)
 .text.HAL_UART_TxHalfCpltCallback
                0x08015328        0x4 ../libDaisy/build/libdaisy.a(stm32h7xx_hal_uart.o)
                0x08015328                HAL_UART_TxHalfCpltCallback
 .text.UART_DMATxHalfCplt
                0x0801532c        0xc ../libDaisy/build/libdaisy.a(stm32h7xx_hal_uart.o)
 .text.UART_DMAError
                0x08015338       0xd4 ../libDaisy/build/libdaisy.a(stm32h7xx_hal_uart.o)
 .text.UART_DMAAbortOnError
                0x0801540c       0x14 ../libDaisy/build/libdaisy.a(stm32h7xx_hal_uart.o)
 .text.HAL_UARTEx_RxEventCallback
                0x08015420        0x4 ../libDaisy/build/libdaisy.a(stm32h7xx_hal_uart.o)
                0x08015420                HAL_UARTEx_RxEventCallback
 .text.HAL_UART_IRQHandler
                0x08015424      0x3c0 ../libDaisy/build/libdaisy.a(stm32h7xx_hal_uart.o)
                0x08015424                HAL_UART_IRQHandler
 .text.UART_DMARxHalfCplt
                0x080157e4       0x20 ../libDaisy/build/libdaisy.a(stm32h7xx_hal_uart.o)
 .text.UART_DMAReceiveCplt
                0x08015804       0x9c ../libDaisy/build/libdaisy.a(stm32h7xx_hal_uart.o)
 .text.HAL_UART_GetState
                0x080158a0        0xc ../libDaisy/build/libdaisy.a(stm32h7xx_hal_uart.o)
                0x080158a0                HAL_UART_GetState
 .text.UART_SetConfig
                0x080158ac      0x374 ../libDaisy/build/libdaisy.a(stm32h7xx_hal_uart.o)
                0x080158ac                UART_SetConfig
 .text.UART_AdvFeatureConfig
                0x08015c20       0xb0 ../libDaisy/build/libdaisy.a(stm32h7xx_hal_uart.o)
                0x08015c20                UART_AdvFeatureConfig
 .text.UART_CheckIdleState
                0x08015cd0      0x258 ../libDaisy/build/libdaisy.a(stm32h7xx_hal_uart.o)
                0x08015cd0                UART_CheckIdleState
 .text.HAL_UART_Init
                0x08015f28       0x68 ../libDaisy/build/libdaisy.a(stm32h7xx_hal_uart.o)
                0x08015f28                HAL_UART_Init
 .text.UART_Start_Receive_DMA
                0x08015f90       0xa0 ../libDaisy/build/libdaisy.a(stm32h7xx_hal_uart.o)
                0x08015f90                UART_Start_Receive_DMA
 .text.HAL_UART_Receive_DMA
                0x08016030       0x48 ../libDaisy/build/libdaisy.a(stm32h7xx_hal_uart.o)
                0x08016030                HAL_UART_Receive_DMA
 .text.HAL_UARTEx_WakeupCallback
                0x08016078        0x4 ../libDaisy/build/libdaisy.a(stm32h7xx_hal_uart_ex.o)
                0x08016078                HAL_UARTEx_WakeupCallback
 .text.HAL_UARTEx_RxFifoFullCallback
                0x0801607c        0x4 ../libDaisy/build/libdaisy.a(stm32h7xx_hal_uart_ex.o)
                0x0801607c                HAL_UARTEx_RxFifoFullCallback
 .text.HAL_UARTEx_TxFifoEmptyCallback
                0x08016080        0x4 ../libDaisy/build/libdaisy.a(stm32h7xx_hal_uart_ex.o)
                0x08016080                HAL_UARTEx_TxFifoEmptyCallback
 .text._ZN7daisysp6Phasor7SetFreqEf
                0x08016084       0x20 ../DaisySP/build/libdaisysp.a(phasor.o)
                0x08016084                daisysp::Phasor::SetFreq(float)
 .text._ZN7daisysp6Phasor7ProcessEv
                0x080160a4       0x48 ../DaisySP/build/libdaisysp.a(phasor.o)
                0x080160a4                daisysp::Phasor::Process()
 .text._ZN7daisysp7Limiter4InitEv
                0x080160ec        0x8 ../DaisySP/build/libdaisysp.a(limiter.o)
                0x080160ec                daisysp::Limiter::Init()
 .text._ZN7daisysp7Limiter12ProcessBlockEPfjf
                0x080160f4       0xc4 ../DaisySP/build/libdaisysp.a(limiter.o)
                0x080160f4                daisysp::Limiter::ProcessBlock(float*, unsigned int, float)
 .text._ZN7daisysp3Svf4InitEf
                0x080161b8       0x48 ../DaisySP/build/libdaisysp.a(svf.o)
                0x080161b8                daisysp::Svf::Init(float)
 .text._ZN7daisysp3Svf7ProcessEf
                0x08016200       0xc8 ../DaisySP/build/libdaisysp.a(svf.o)
                0x08016200                daisysp::Svf::Process(float)
 .text._ZN7daisysp3Svf7SetFreqEf
                0x080162c8       0xc0 ../DaisySP/build/libdaisysp.a(svf.o)
                0x080162c8                daisysp::Svf::SetFreq(float)
 .text._ZN7daisysp3Svf6SetResEf
                0x08016388       0x8c ../DaisySP/build/libdaisysp.a(svf.o)
                0x08016388                daisysp::Svf::SetRes(float)
 .text._ZN7daisysp3Svf8SetDriveEf
                0x08016414       0x34 ../DaisySP/build/libdaisysp.a(svf.o)
                0x08016414                daisysp::Svf::SetDrive(float)
 .text._ZN7daisysp10Oscillator7ProcessEv
                0x08016448      0x32c ../DaisySP/build/libdaisysp.a(oscillator.o)
                0x08016448                daisysp::Oscillator::Process()
 .text._ZN7daisysp10Oscillator12CalcPhaseIncEf
                0x08016774        0xc ../DaisySP/build/libdaisysp.a(oscillator.o)
                0x08016774                daisysp::Oscillator::CalcPhaseInc(float)
 .text._ZN7daisysp8ReverbSc17NextRandomLinesegEPNS_10ReverbScDlEi
                0x08016780      0x104 ../DaisySP/DaisySP-LGPL/build/libdaisysp-lgpl.a(reverbsc.o)
                0x08016780                daisysp::ReverbSc::NextRandomLineseg(daisysp::ReverbScDl*, int)
 *fill*         0x08016884        0x4 
 .text._ZN7daisysp8ReverbSc4InitEf
                0x08016888      0x194 ../DaisySP/DaisySP-LGPL/build/libdaisysp-lgpl.a(reverbsc.o)
                0x08016888                daisysp::ReverbSc::Init(float)
 *fill*         0x08016a1c        0x4 
 .text._ZN7daisysp8ReverbSc7ProcessERKfS2_PfS3_
                0x08016a20      0x2b0 ../DaisySP/DaisySP-LGPL/build/libdaisysp-lgpl.a(reverbsc.o)
                0x08016a20                daisysp::ReverbSc::Process(float const&, float const&, float*, float*)
 .text.__aeabi_atexit
                0x08016cd0        0xa /Applications/ArmGNUToolchain/14.3.rel1/arm-none-eabi/bin/../lib/gcc/arm-none-eabi/14.3.1/../../../../arm-none-eabi/lib/thumb/v7e-m+dp/hard/libstdc++_nano.a(atexit_arm.o)
                0x08016cd0                __aeabi_atexit
 *fill*         0x08016cda        0x2 
 .text.expf     0x08016cdc       0xe4 /Applications/ArmGNUToolchain/14.3.rel1/arm-none-eabi/bin/../lib/gcc/arm-none-eabi/14.3.1/../../../../arm-none-eabi/lib/thumb/v7e-m+dp/hard/libm.a(libm_a-sf_exp.o)
                0x08016cdc                expf
 .text.powf     0x08016dc0      0x338 /Applications/ArmGNUToolchain/14.3.rel1/arm-none-eabi/bin/../lib/gcc/arm-none-eabi/14.3.1/../../../../arm-none-eabi/lib/thumb/v7e-m+dp/hard/libm.a(libm_a-sf_pow.o)
                0x08016dc0                powf
 .text.sinf     0x080170f8      0x1ec /Applications/ArmGNUToolchain/14.3.rel1/arm-none-eabi/bin/../lib/gcc/arm-none-eabi/14.3.1/../../../../arm-none-eabi/lib/thumb/v7e-m+dp/hard/libm.a(libm_a-sinf.o)
                0x080170f8                sinf
 *fill*         0x080172e4        0x4 
 .text.cosf     0x080172e8      0x1b4 /Applications/ArmGNUToolchain/14.3.rel1/arm-none-eabi/bin/../lib/gcc/arm-none-eabi/14.3.1/../../../../arm-none-eabi/lib/thumb/v7e-m+dp/hard/libm.a(libm_a-cosf.o)
                0x080172e8                cosf
 .text.with_errnof
                0x0801749c       0x1c /Applications/ArmGNUToolchain/14.3.rel1/arm-none-eabi/bin/../lib/gcc/arm-none-eabi/14.3.1/../../../../arm-none-eabi/lib/thumb/v7e-m+dp/hard/libm.a(libm_a-math_errf.o)
 .text.xflowf   0x080174b8       0x20 /Applications/ArmGNUToolchain/14.3.rel1/arm-none-eabi/bin/../lib/gcc/arm-none-eabi/14.3.1/../../../../arm-none-eabi/lib/thumb/v7e-m+dp/hard/libm.a(libm_a-math_errf.o)
 .text.__math_uflowf
                0x080174d8        0xc /Applications/ArmGNUToolchain/14.3.rel1/arm-none-eabi/bin/../lib/gcc/arm-none-eabi/14.3.1/../../../../arm-none-eabi/lib/thumb/v7e-m+dp/hard/libm.a(libm_a-math_errf.o)
                0x080174d8                __math_uflowf
 .text.__math_may_uflowf
                0x080174e4        0xc /Applications/ArmGNUToolchain/14.3.rel1/arm-none-eabi/bin/../lib/gcc/arm-none-eabi/14.3.1/../../../../arm-none-eabi/lib/thumb/v7e-m+dp/hard/libm.a(libm_a-math_errf.o)
                0x080174e4                __math_may_uflowf
 .text.__math_oflowf
                0x080174f0        0xc /Applications/ArmGNUToolchain/14.3.rel1/arm-none-eabi/bin/../lib/gcc/arm-none-eabi/14.3.1/../../../../arm-none-eabi/lib/thumb/v7e-m+dp/hard/libm.a(libm_a-math_errf.o)
                0x080174f0                __math_oflowf
 .text.__math_divzerof
                0x080174fc       0x24 /Applications/ArmGNUToolchain/14.3.rel1/arm-none-eabi/bin/../lib/gcc/arm-none-eabi/14.3.1/../../../../arm-none-eabi/lib/thumb/v7e-m+dp/hard/libm.a(libm_a-math_errf.o)
                0x080174fc                __math_divzerof
 .text.__math_invalidf
                0x08017520       0x20 /Applications/ArmGNUToolchain/14.3.rel1/arm-none-eabi/bin/../lib/gcc/arm-none-eabi/14.3.1/../../../../arm-none-eabi/lib/thumb/v7e-m+dp/hard/libm.a(libm_a-math_errf.o)
                0x08017520                __math_invalidf
 .text.sqrtf    0x08017540       0x44 /Applications/ArmGNUToolchain/14.3.rel1/arm-none-eabi/bin/../lib/gcc/arm-none-eabi/14.3.1/../../../../arm-none-eabi/lib/thumb/v7e-m+dp/hard/libm.a(libm_a-wf_sqrt.o)
                0x08017540                sqrtf